[0.000000] (-) TimerEvent: {}
[0.000167] (fetch_7dof_description) JobQueued: {'identifier': 'fetch_7dof_description', 'dependencies': OrderedDict()}
[0.000840] (fetch_7dof_description) JobStarted: {'identifier': 'fetch_7dof_description'}
[0.041496] (fetch_7dof_description) JobProgress: {'identifier': 'fetch_7dof_description', 'progress': 'cmake'}
[0.046395] (fetch_7dof_description) JobProgress: {'identifier': 'fetch_7dof_description', 'progress': 'build'}
[0.046546] (fetch_7dof_description) Command: {'cmd': ['/usr/bin/cmake', '--build', '/root/project/build/fetch_7dof_description', '--', '-j8', '-l8'], 'cwd': '/root/project/build/fetch_7dof_description', 'env': OrderedDict({'GZ_SIM_SYSTEM_PLUGIN_PATH': '/opt/ros/jazzy/lib', 'GZ_SIM_RESOURCE_PATH': '/opt/ros/jazzy/share', 'GZ_CONFIG_PATH': '/opt/ros/jazzy/opt/gz_sim_vendor/share/gz:/opt/ros/jazzy/opt/sdformat_vendor/share/gz:/opt/ros/jazzy/opt/gz_gui_vendor/share/gz:/opt/ros/jazzy/opt/gz_transport_vendor/share/gz:/opt/ros/jazzy/opt/gz_rendering_vendor/share/gz:/opt/ros/jazzy/opt/gz_plugin_vendor/share/gz:/opt/ros/jazzy/opt/gz_fuel_tools_vendor/share/gz:/opt/ros/jazzy/opt/gz_msgs_vendor/share/gz:/opt/ros/jazzy/opt/gz_common_vendor/share/gz', 'HOSTNAME': 'fb7d323448a3', 'SHLVL': '1', 'LD_LIBRARY_PATH': '/opt/ros/jazzy/opt/gz_sim_vendor/lib:/opt/ros/jazzy/opt/gz_sensors_vendor/lib:/opt/ros/jazzy/opt/gz_physics_vendor/lib:/opt/ros/jazzy/opt/sdformat_vendor/lib:/opt/ros/jazzy/opt/rviz_ogre_vendor/lib:/opt/ros/jazzy/lib/x86_64-linux-gnu:/opt/ros/jazzy/opt/gz_gui_vendor/lib:/opt/ros/jazzy/opt/gz_transport_vendor/lib:/opt/ros/jazzy/opt/gz_rendering_vendor/lib:/opt/ros/jazzy/opt/gz_plugin_vendor/lib:/opt/ros/jazzy/opt/gz_fuel_tools_vendor/lib:/opt/ros/jazzy/opt/gz_msgs_vendor/lib:/opt/ros/jazzy/opt/gz_common_vendor/lib:/opt/ros/jazzy/opt/gz_math_vendor/lib:/opt/ros/jazzy/opt/gz_utils_vendor/lib:/opt/ros/jazzy/opt/gz_tools_vendor/lib:/opt/ros/jazzy/opt/gz_ogre_next_vendor/lib:/opt/ros/jazzy/opt/gz_dartsim_vendor/lib:/opt/ros/jazzy/opt/gz_cmake_vendor/lib:/opt/ros/jazzy/lib', 'HOME': '/root', 'OLDPWD': '/ws', 'ROS_PYTHON_VERSION': '3', 'ROS_DISTRO': 'jazzy', '_': '/usr/bin/colcon', 'ROS_VERSION': '2', 'PATH': '/opt/ros/jazzy/opt/gz_msgs_vendor/bin:/opt/ros/jazzy/opt/gz_tools_vendor/bin:/opt/ros/jazzy/opt/gz_ogre_next_vendor/bin:/opt/ros/jazzy/bin:/usr/local/sbin:/usr/local/bin:/usr/sbin:/usr/bin:/sbin:/bin', 'LANG': 'C.UTF-8', 'AMENT_PREFIX_PATH': '/opt/ros/jazzy', 'ROS_AUTOMATIC_DISCOVERY_RANGE': 'SUBNET', 'PWD': '/root/project/build/fetch_7dof_description', 'LC_ALL': 'C.UTF-8', 'PYTHONPATH': '/opt/ros/jazzy/lib/python3.12/site-packages', 'COLCON': '1', 'CMAKE_PREFIX_PATH': '/opt/ros/jazzy/opt/gz_sim_vendor:/opt/ros/jazzy/opt/gz_sensors_vendor:/opt/ros/jazzy/opt/gz_physics_vendor:/opt/ros/jazzy/opt/sdformat_vendor:/opt/ros/jazzy/opt/gz_gui_vendor:/opt/ros/jazzy/opt/gz_transport_vendor:/opt/ros/jazzy/opt/gz_rendering_vendor:/opt/ros/jazzy/opt/gz_plugin_vendor:/opt/ros/jazzy/opt/gz_fuel_tools_vendor:/opt/ros/jazzy/opt/gz_msgs_vendor:/opt/ros/jazzy/opt/gz_common_vendor:/opt/ros/jazzy/opt/gz_math_vendor:/opt/ros/jazzy/opt/gz_utils_vendor:/opt/ros/jazzy/opt/gz_tools_vendor:/opt/ros/jazzy/opt/gz_ogre_next_vendor:/opt/ros/jazzy/opt/gz_dartsim_vendor:/opt/ros/jazzy/opt/gz_cmake_vendor:/opt/ros/jazzy'}), 'shell': False}
[0.098783] (-) TimerEvent: {}
[0.194575] (fetch_7dof_description) StdoutLine: {'line': b'-- Found ament_cmake: 2.5.6 (/opt/ros/jazzy/share/ament_cmake/cmake)\n'}
[0.199292] (-) TimerEvent: {}
[0.299598] (-) TimerEvent: {}
[0.400030] (-) TimerEvent: {}
[0.500304] (-) TimerEvent: {}
[0.602052] (-) TimerEvent: {}
[0.702375] (-) TimerEvent: {}
[0.802694] (-) TimerEvent: {}
[0.903003] (-) TimerEvent: {}
[1.003427] (-) TimerEvent: {}
[1.103862] (-) TimerEvent: {}
[1.204159] (-) TimerEvent: {}
[1.304479] (-) TimerEvent: {}
[1.328940] (fetch_7dof_description) StdoutLine: {'line': b'-- Configuring done (1.2s)\n'}
[1.344312] (fetch_7dof_description) StdoutLine: {'line': b'-- Generating done (0.0s)\n'}
[1.352504] (fetch_7dof_description) StdoutLine: {'line': b'-- Build files have been written to: /root/project/build/fetch_7dof_description\n'}
[1.404652] (-) TimerEvent: {}
[1.424647] (fetch_7dof_description) CommandEnded: {'returncode': 0}
[1.428919] (fetch_7dof_description) JobProgress: {'identifier': 'fetch_7dof_description', 'progress': 'install'}
[1.457711] (fetch_7dof_description) Command: {'cmd': ['/usr/bin/cmake', '--install', '/root/project/build/fetch_7dof_description'], 'cwd': '/root/project/build/fetch_7dof_description', 'env': OrderedDict({'GZ_SIM_SYSTEM_PLUGIN_PATH': '/opt/ros/jazzy/lib', 'GZ_SIM_RESOURCE_PATH': '/opt/ros/jazzy/share', 'GZ_CONFIG_PATH': '/opt/ros/jazzy/opt/gz_sim_vendor/share/gz:/opt/ros/jazzy/opt/sdformat_vendor/share/gz:/opt/ros/jazzy/opt/gz_gui_vendor/share/gz:/opt/ros/jazzy/opt/gz_transport_vendor/share/gz:/opt/ros/jazzy/opt/gz_rendering_vendor/share/gz:/opt/ros/jazzy/opt/gz_plugin_vendor/share/gz:/opt/ros/jazzy/opt/gz_fuel_tools_vendor/share/gz:/opt/ros/jazzy/opt/gz_msgs_vendor/share/gz:/opt/ros/jazzy/opt/gz_common_vendor/share/gz', 'HOSTNAME': 'fb7d323448a3', 'SHLVL': '1', 'LD_LIBRARY_PATH': '/opt/ros/jazzy/opt/gz_sim_vendor/lib:/opt/ros/jazzy/opt/gz_sensors_vendor/lib:/opt/ros/jazzy/opt/gz_physics_vendor/lib:/opt/ros/jazzy/opt/sdformat_vendor/lib:/opt/ros/jazzy/opt/rviz_ogre_vendor/lib:/opt/ros/jazzy/lib/x86_64-linux-gnu:/opt/ros/jazzy/opt/gz_gui_vendor/lib:/opt/ros/jazzy/opt/gz_transport_vendor/lib:/opt/ros/jazzy/opt/gz_rendering_vendor/lib:/opt/ros/jazzy/opt/gz_plugin_vendor/lib:/opt/ros/jazzy/opt/gz_fuel_tools_vendor/lib:/opt/ros/jazzy/opt/gz_msgs_vendor/lib:/opt/ros/jazzy/opt/gz_common_vendor/lib:/opt/ros/jazzy/opt/gz_math_vendor/lib:/opt/ros/jazzy/opt/gz_utils_vendor/lib:/opt/ros/jazzy/opt/gz_tools_vendor/lib:/opt/ros/jazzy/opt/gz_ogre_next_vendor/lib:/opt/ros/jazzy/opt/gz_dartsim_vendor/lib:/opt/ros/jazzy/opt/gz_cmake_vendor/lib:/opt/ros/jazzy/lib', 'HOME': '/root', 'OLDPWD': '/ws', 'ROS_PYTHON_VERSION': '3', 'ROS_DISTRO': 'jazzy', '_': '/usr/bin/colcon', 'ROS_VERSION': '2', 'PATH': '/opt/ros/jazzy/opt/gz_msgs_vendor/bin:/opt/ros/jazzy/opt/gz_tools_vendor/bin:/opt/ros/jazzy/opt/gz_ogre_next_vendor/bin:/opt/ros/jazzy/bin:/usr/local/sbin:/usr/local/bin:/usr/sbin:/usr/bin:/sbin:/bin', 'LANG': 'C.UTF-8', 'AMENT_PREFIX_PATH': '/opt/ros/jazzy', 'ROS_AUTOMATIC_DISCOVERY_RANGE': 'SUBNET', 'PWD': '/root/project/build/fetch_7dof_description', 'LC_ALL': 'C.UTF-8', 'PYTHONPATH': '/opt/ros/jazzy/lib/python3.12/site-packages', 'COLCON': '1', 'CMAKE_PREFIX_PATH': '/opt/ros/jazzy/opt/gz_sim_vendor:/opt/ros/jazzy/opt/gz_sensors_vendor:/opt/ros/jazzy/opt/gz_physics_vendor:/opt/ros/jazzy/opt/sdformat_vendor:/opt/ros/jazzy/opt/gz_gui_vendor:/opt/ros/jazzy/opt/gz_transport_vendor:/opt/ros/jazzy/opt/gz_rendering_vendor:/opt/ros/jazzy/opt/gz_plugin_vendor:/opt/ros/jazzy/opt/gz_fuel_tools_vendor:/opt/ros/jazzy/opt/gz_msgs_vendor:/opt/ros/jazzy/opt/gz_common_vendor:/opt/ros/jazzy/opt/gz_math_vendor:/opt/ros/jazzy/opt/gz_utils_vendor:/opt/ros/jazzy/opt/gz_tools_vendor:/opt/ros/jazzy/opt/gz_ogre_next_vendor:/opt/ros/jazzy/opt/gz_dartsim_vendor:/opt/ros/jazzy/opt/gz_cmake_vendor:/opt/ros/jazzy'}), 'shell': False}
[1.482100] (fetch_7dof_description) StdoutLine: {'line': b'-- Install configuration: ""\n'}
[1.484235] (fetch_7dof_description) StdoutLine: {'line': b'-- Up-to-date: /root/project/install/fetch_7dof_description/share/fetch_7dof_description/urdf\n'}
[1.484642] (fetch_7dof_description) StdoutLine: {'line': b'-- Installing: /root/project/install/fetch_7dof_description/share/fetch_7dof_description/urdf/fetch_7dof.urdf\n'}
[1.484916] (fetch_7dof_description) StdoutLine: {'line': b'-- Up-to-date: /root/project/install/fetch_7dof_description/share/fetch_7dof_description/config\n'}
[1.485162] (fetch_7dof_description) StdoutLine: {'line': b'-- Up-to-date: /root/project/install/fetch_7dof_description/share/fetch_7dof_description/config/ros2_control.yaml\n'}
[1.485410] (fetch_7dof_description) StdoutLine: {'line': b'-- Up-to-date: /root/project/install/fetch_7dof_description/share/fetch_7dof_description/launch\n'}
[1.490431] (fetch_7dof_description) StdoutLine: {'line': b'-- Up-to-date: /root/project/install/fetch_7dof_description/share/fetch_7dof_description/launch/__pycache__\n'}
[1.490971] (fetch_7dof_description) StdoutLine: {'line': b'-- Up-to-date: /root/project/install/fetch_7dof_description/share/fetch_7dof_description/launch/__pycache__/fetch_7dof_gazebo.launch.cpython-313.pyc\n'}
[1.493845] (fetch_7dof_description) StdoutLine: {'line': b'-- Up-to-date: /root/project/install/fetch_7dof_description/share/fetch_7dof_description/launch/fetch_7dof_gazebo.launch.py\n'}
[1.494148] (fetch_7dof_description) StdoutLine: {'line': b'-- Up-to-date: /root/project/install/fetch_7dof_description/share/fetch_7dof_description/worlds\n'}
[1.494389] (fetch_7dof_description) StdoutLine: {'line': b'-- Up-to-date: /root/project/install/fetch_7dof_description/share/fetch_7dof_description/worlds/fetch_table.world\n'}
[1.494609] (fetch_7dof_description) StdoutLine: {'line': b'-- Up-to-date: /root/project/install/fetch_7dof_description/share/fetch_7dof_description/meshes\n'}
[1.494792] (fetch_7dof_description) StdoutLine: {'line': b'-- Up-to-date: /root/project/install/fetch_7dof_description/share/fetch_7dof_description/meshes/wrist_flex_link_collision.STL\n'}
[1.500571] (fetch_7dof_description) StdoutLine: {'line': b'-- Up-to-date: /root/project/install/fetch_7dof_description/share/fetch_7dof_description/meshes/wrist_roll_link_collision.STL\n'}
[1.500943] (fetch_7dof_description) StdoutLine: {'line': b'-- Up-to-date: /root/project/install/fetch_7dof_description/share/fetch_7dof_description/meshes/r_gripper_finger_link.STL\n'}
[1.503131] (fetch_7dof_description) StdoutLine: {'line': b'-- Up-to-date: /root/project/install/fetch_7dof_description/share/fetch_7dof_description/meshes/torso_lift_link.dae\n'}
[1.503410] (fetch_7dof_description) StdoutLine: {'line': b'-- Up-to-date: /root/project/install/fetch_7dof_description/share/fetch_7dof_description/meshes/gripper_link.dae\n'}
[1.503604] (fetch_7dof_description) StdoutLine: {'line': b'-- Up-to-date: /root/project/install/fetch_7dof_description/share/fetch_7dof_description/meshes/shoulder_pan_link_collision.STL\n'}
[1.503798] (fetch_7dof_description) StdoutLine: {'line': b'-- Up-to-date: /root/project/install/fetch_7dof_description/share/fetch_7dof_description/meshes/forearm_roll_link.dae\n'}
[1.504010] (fetch_7dof_description) StdoutLine: {'line': b'-- Up-to-date: /root/project/install/fetch_7dof_description/share/fetch_7dof_description/meshes/wrist_roll_link.dae\n'}
[1.504189] (fetch_7dof_description) StdoutLine: {'line': b'-- Up-to-date: /root/project/install/fetch_7dof_description/share/fetch_7dof_description/meshes/elbow_flex_link_collision.STL\n'}
[1.504372] (fetch_7dof_description) StdoutLine: {'line': b'-- Up-to-date: /root/project/install/fetch_7dof_description/share/fetch_7dof_description/meshes/elbow_flex_link.dae\n'}
[1.504559] (fetch_7dof_description) StdoutLine: {'line': b'-- Up-to-date: /root/project/install/fetch_7dof_description/share/fetch_7dof_description/meshes/torso_lift_link_collision.STL\n'}
[1.504743] (-) TimerEvent: {}
[1.504789] (fetch_7dof_description) StdoutLine: {'line': b'-- Up-to-date: /root/project/install/fetch_7dof_description/share/fetch_7dof_description/meshes/shoulder_pan_link.dae\n'}
[1.505024] (fetch_7dof_description) StdoutLine: {'line': b'-- Up-to-date: /root/project/install/fetch_7dof_description/share/fetch_7dof_description/meshes/l_gripper_finger_link.STL\n'}
[1.505231] (fetch_7dof_description) StdoutLine: {'line': b'-- Up-to-date: /root/project/install/fetch_7dof_description/share/fetch_7dof_description/meshes/wrist_flex_link.dae\n'}
[1.505427] (fetch_7dof_description) StdoutLine: {'line': b'-- Up-to-date: /root/project/install/fetch_7dof_description/share/fetch_7dof_description/meshes/shoulder_lift_link.dae\n'}
[1.507273] (fetch_7dof_description) StdoutLine: {'line': b'-- Up-to-date: /root/project/install/fetch_7dof_description/share/fetch_7dof_description/meshes/forearm_roll_link_collision.STL\n'}
[1.510884] (fetch_7dof_description) StdoutLine: {'line': b'-- Up-to-date: /root/project/install/fetch_7dof_description/share/fetch_7dof_description/meshes/upperarm_roll_link.dae\n'}
[1.514932] (fetch_7dof_description) StdoutLine: {'line': b'-- Up-to-date: /root/project/install/fetch_7dof_description/share/fetch_7dof_description/meshes/upperarm_roll_link_collision.STL\n'}
[1.515222] (fetch_7dof_description) StdoutLine: {'line': b'-- Up-to-date: /root/project/install/fetch_7dof_description/share/fetch_7dof_description/meshes/base_link.dae\n'}
[1.515446] (fetch_7dof_description) StdoutLine: {'line': b'-- Up-to-date: /root/project/install/fetch_7dof_description/share/fetch_7dof_description/meshes/base_link_collision.STL\n'}
[1.515650] (fetch_7dof_description) StdoutLine: {'line': b'-- Up-to-date: /root/project/install/fetch_7dof_description/share/fetch_7dof_description/meshes/gripper_link.STL\n'}
[1.515914] (fetch_7dof_description) StdoutLine: {'line': b'-- Up-to-date: /root/project/install/fetch_7dof_description/share/fetch_7dof_description/meshes/shoulder_lift_link_collision.STL\n'}
[1.516140] (fetch_7dof_description) StdoutLine: {'line': b'-- Up-to-date: /root/project/install/fetch_7dof_description/share/ament_index/resource_index/package_run_dependencies/fetch_7dof_description\n'}
[1.516398] (fetch_7dof_description) StdoutLine: {'line': b'-- Up-to-date: /root/project/install/fetch_7dof_description/share/ament_index/resource_index/parent_prefix_path/fetch_7dof_description\n'}
[1.520980] (fetch_7dof_description) StdoutLine: {'line': b'-- Up-to-date: /root/project/install/fetch_7dof_description/share/fetch_7dof_description/environment/ament_prefix_path.sh\n'}
[1.521444] (fetch_7dof_description) StdoutLine: {'line': b'-- Up-to-date: /root/project/install/fetch_7dof_description/share/fetch_7dof_description/environment/ament_prefix_path.dsv\n'}
[1.521697] (fetch_7dof_description) StdoutLine: {'line': b'-- Up-to-date: /root/project/install/fetch_7dof_description/share/fetch_7dof_description/environment/path.sh\n'}
[1.523727] (fetch_7dof_description) StdoutLine: {'line': b'-- Up-to-date: /root/project/install/fetch_7dof_description/share/fetch_7dof_description/environment/path.dsv\n'}
[1.527004] (fetch_7dof_description) StdoutLine: {'line': b'-- Up-to-date: /root/project/install/fetch_7dof_description/share/fetch_7dof_description/local_setup.bash\n'}
[1.527222] (fetch_7dof_description) StdoutLine: {'line': b'-- Up-to-date: /root/project/install/fetch_7dof_description/share/fetch_7dof_description/local_setup.sh\n'}
[1.527452] (fetch_7dof_description) StdoutLine: {'line': b'-- Up-to-date: /root/project/install/fetch_7dof_description/share/fetch_7dof_description/local_setup.zsh\n'}
[1.529445] (fetch_7dof_description) StdoutLine: {'line': b'-- Up-to-date: /root/project/install/fetch_7dof_description/share/fetch_7dof_description/local_setup.dsv\n'}
[1.529710] (fetch_7dof_description) StdoutLine: {'line': b'-- Installing: /root/project/install/fetch_7dof_description/share/fetch_7dof_description/package.dsv\n'}
[1.529967] (fetch_7dof_description) StdoutLine: {'line': b'-- Up-to-date: /root/project/install/fetch_7dof_description/share/ament_index/resource_index/packages/fetch_7dof_description\n'}
[1.530191] (fetch_7dof_description) StdoutLine: {'line': b'-- Up-to-date: /root/project/install/fetch_7dof_description/share/fetch_7dof_description/cmake/fetch_7dof_descriptionConfig.cmake\n'}
[1.530385] (fetch_7dof_description) StdoutLine: {'line': b'-- Up-to-date: /root/project/install/fetch_7dof_description/share/fetch_7dof_description/cmake/fetch_7dof_descriptionConfig-version.cmake\n'}
[1.530575] (fetch_7dof_description) StdoutLine: {'line': b'-- Installing: /root/project/install/fetch_7dof_description/share/fetch_7dof_description/package.xml\n'}
[1.530750] (fetch_7dof_description) CommandEnded: {'returncode': 0}
[1.605372] (-) TimerEvent: {}
[1.614030] (fetch_7dof_description) JobEnded: {'identifier': 'fetch_7dof_description', 'rc': 0}
[1.616128] (-) EventReactorShutdown: {}
