[0.056s] Invoking command in '/root/project/build/fetch_7dof_description': CMAKE_PREFIX_PATH=${CMAKE_PREFIX_PATH}:/opt/ros/jazzy /usr/bin/cmake --build /root/project/build/fetch_7dof_description -- -j8 -l8
[0.222s] -- Found ament_cmake: 2.5.6 (/opt/ros/jazzy/share/ament_cmake/cmake)
[1.217s] -- Configuring done (1.0s)
[1.235s] -- Generating done (0.0s)
[1.239s] -- Build files have been written to: /root/project/build/fetch_7dof_description
[1.293s] Invoked command in '/root/project/build/fetch_7dof_description' returned '0': CMAKE_PREFIX_PATH=${CMAKE_PREFIX_PATH}:/opt/ros/jazzy /usr/bin/cmake --build /root/project/build/fetch_7dof_description -- -j8 -l8
[1.316s] Invoking command in '/root/project/build/fetch_7dof_description': CMAKE_PREFIX_PATH=${CMAKE_PREFIX_PATH}:/opt/ros/jazzy /usr/bin/cmake --install /root/project/build/fetch_7dof_description
[1.339s] -- Install configuration: ""
[1.339s] -- Up-to-date: /root/project/install/fetch_7dof_description/share/fetch_7dof_description/urdf
[1.340s] -- Installing: /root/project/install/fetch_7dof_description/share/fetch_7dof_description/urdf/fetch_7dof.urdf
[1.341s] -- Installing: /root/project/install/fetch_7dof_description/share/fetch_7dof_description/urdf/fetch_7dof.urdf.xacro
[1.343s] -- Up-to-date: /root/project/install/fetch_7dof_description/share/fetch_7dof_description/config
[1.344s] -- Up-to-date: /root/project/install/fetch_7dof_description/share/fetch_7dof_description/config/ros2_control.yaml
[1.345s] -- Up-to-date: /root/project/install/fetch_7dof_description/share/fetch_7dof_description/launch
[1.345s] -- Up-to-date: /root/project/install/fetch_7dof_description/share/fetch_7dof_description/launch/__pycache__
[1.345s] -- Up-to-date: /root/project/install/fetch_7dof_description/share/fetch_7dof_description/launch/__pycache__/fetch_7dof_gazebo.launch.cpython-313.pyc
[1.346s] -- Installing: /root/project/install/fetch_7dof_description/share/fetch_7dof_description/launch/fetch_7dof_gazebo.launch.py
[1.346s] -- Up-to-date: /root/project/install/fetch_7dof_description/share/fetch_7dof_description/worlds
[1.346s] -- Up-to-date: /root/project/install/fetch_7dof_description/share/fetch_7dof_description/worlds/fetch_table.world
[1.347s] -- Up-to-date: /root/project/install/fetch_7dof_description/share/fetch_7dof_description/meshes
[1.348s] -- Up-to-date: /root/project/install/fetch_7dof_description/share/fetch_7dof_description/meshes/wrist_flex_link_collision.STL
[1.349s] -- Up-to-date: /root/project/install/fetch_7dof_description/share/fetch_7dof_description/meshes/wrist_roll_link_collision.STL
[1.349s] -- Up-to-date: /root/project/install/fetch_7dof_description/share/fetch_7dof_description/meshes/r_gripper_finger_link.STL
[1.349s] -- Up-to-date: /root/project/install/fetch_7dof_description/share/fetch_7dof_description/meshes/torso_lift_link.dae
[1.350s] -- Up-to-date: /root/project/install/fetch_7dof_description/share/fetch_7dof_description/meshes/gripper_link.dae
[1.350s] -- Up-to-date: /root/project/install/fetch_7dof_description/share/fetch_7dof_description/meshes/shoulder_pan_link_collision.STL
[1.350s] -- Up-to-date: /root/project/install/fetch_7dof_description/share/fetch_7dof_description/meshes/forearm_roll_link.dae
[1.351s] -- Up-to-date: /root/project/install/fetch_7dof_description/share/fetch_7dof_description/meshes/wrist_roll_link.dae
[1.351s] -- Up-to-date: /root/project/install/fetch_7dof_description/share/fetch_7dof_description/meshes/elbow_flex_link_collision.STL
[1.351s] -- Up-to-date: /root/project/install/fetch_7dof_description/share/fetch_7dof_description/meshes/elbow_flex_link.dae
[1.351s] -- Up-to-date: /root/project/install/fetch_7dof_description/share/fetch_7dof_description/meshes/torso_lift_link_collision.STL
[1.352s] -- Up-to-date: /root/project/install/fetch_7dof_description/share/fetch_7dof_description/meshes/shoulder_pan_link.dae
[1.352s] -- Up-to-date: /root/project/install/fetch_7dof_description/share/fetch_7dof_description/meshes/l_gripper_finger_link.STL
[1.352s] -- Up-to-date: /root/project/install/fetch_7dof_description/share/fetch_7dof_description/meshes/wrist_flex_link.dae
[1.352s] -- Up-to-date: /root/project/install/fetch_7dof_description/share/fetch_7dof_description/meshes/shoulder_lift_link.dae
[1.352s] -- Up-to-date: /root/project/install/fetch_7dof_description/share/fetch_7dof_description/meshes/forearm_roll_link_collision.STL
[1.353s] -- Up-to-date: /root/project/install/fetch_7dof_description/share/fetch_7dof_description/meshes/upperarm_roll_link.dae
[1.353s] -- Up-to-date: /root/project/install/fetch_7dof_description/share/fetch_7dof_description/meshes/upperarm_roll_link_collision.STL
[1.353s] -- Up-to-date: /root/project/install/fetch_7dof_description/share/fetch_7dof_description/meshes/base_link.dae
[1.353s] -- Up-to-date: /root/project/install/fetch_7dof_description/share/fetch_7dof_description/meshes/base_link_collision.STL
[1.353s] -- Up-to-date: /root/project/install/fetch_7dof_description/share/fetch_7dof_description/meshes/gripper_link.STL
[1.353s] -- Up-to-date: /root/project/install/fetch_7dof_description/share/fetch_7dof_description/meshes/shoulder_lift_link_collision.STL
[1.354s] -- Installing: /root/project/install/fetch_7dof_description/share/ament_index/resource_index/package_run_dependencies/fetch_7dof_description
[1.354s] -- Up-to-date: /root/project/install/fetch_7dof_description/share/ament_index/resource_index/parent_prefix_path/fetch_7dof_description
[1.354s] -- Up-to-date: /root/project/install/fetch_7dof_description/share/fetch_7dof_description/environment/ament_prefix_path.sh
[1.355s] -- Up-to-date: /root/project/install/fetch_7dof_description/share/fetch_7dof_description/environment/ament_prefix_path.dsv
[1.355s] -- Up-to-date: /root/project/install/fetch_7dof_description/share/fetch_7dof_description/environment/path.sh
[1.355s] -- Up-to-date: /root/project/install/fetch_7dof_description/share/fetch_7dof_description/environment/path.dsv
[1.356s] -- Up-to-date: /root/project/install/fetch_7dof_description/share/fetch_7dof_description/local_setup.bash
[1.356s] -- Up-to-date: /root/project/install/fetch_7dof_description/share/fetch_7dof_description/local_setup.sh
[1.356s] -- Up-to-date: /root/project/install/fetch_7dof_description/share/fetch_7dof_description/local_setup.zsh
[1.357s] -- Up-to-date: /root/project/install/fetch_7dof_description/share/fetch_7dof_description/local_setup.dsv
[1.357s] -- Installing: /root/project/install/fetch_7dof_description/share/fetch_7dof_description/package.dsv
[1.358s] -- Up-to-date: /root/project/install/fetch_7dof_description/share/ament_index/resource_index/packages/fetch_7dof_description
[1.359s] -- Up-to-date: /root/project/install/fetch_7dof_description/share/fetch_7dof_description/cmake/fetch_7dof_descriptionConfig.cmake
[1.360s] -- Up-to-date: /root/project/install/fetch_7dof_description/share/fetch_7dof_description/cmake/fetch_7dof_descriptionConfig-version.cmake
[1.360s] -- Installing: /root/project/install/fetch_7dof_description/share/fetch_7dof_description/package.xml
[1.360s] Invoked command in '/root/project/build/fetch_7dof_description' returned '0': CMAKE_PREFIX_PATH=${CMAKE_PREFIX_PATH}:/opt/ros/jazzy /usr/bin/cmake --install /root/project/build/fetch_7dof_description
