[0.020s] Invoking command in '/root/project/build/fetch_7dof_description': CMAKE_PREFIX_PATH=${CMAKE_PREFIX_PATH}:/opt/ros/jazzy /usr/bin/cmake --build /root/project/build/fetch_7dof_description -- -j8 -l8
[0.085s] -- Found ament_cmake: 2.5.6 (/opt/ros/jazzy/share/ament_cmake/cmake)
[0.646s] -- Configuring done (0.6s)
[0.656s] -- Generating done (0.0s)
[0.658s] -- Build files have been written to: /root/project/build/fetch_7dof_description
[0.697s] Invoked command in '/root/project/build/fetch_7dof_description' returned '0': CMAKE_PREFIX_PATH=${CMAKE_PREFIX_PATH}:/opt/ros/jazzy /usr/bin/cmake --build /root/project/build/fetch_7dof_description -- -j8 -l8
[0.711s] Invoking command in '/root/project/build/fetch_7dof_description': CMAKE_PREFIX_PATH=${CMAKE_PREFIX_PATH}:/opt/ros/jazzy /usr/bin/cmake --install /root/project/build/fetch_7dof_description
[0.725s] -- Install configuration: ""
[0.725s] -- Up-to-date: /root/project/install/fetch_7dof_description/share/fetch_7dof_description/urdf
[0.725s] -- Up-to-date: /root/project/install/fetch_7dof_description/share/fetch_7dof_description/urdf/fetch_7dof.urdf
[0.725s] -- Up-to-date: /root/project/install/fetch_7dof_description/share/fetch_7dof_description/config
[0.725s] -- Up-to-date: /root/project/install/fetch_7dof_description/share/fetch_7dof_description/config/ros2_control.yaml
[0.725s] -- Up-to-date: /root/project/install/fetch_7dof_description/share/fetch_7dof_description/launch
[0.726s] -- Up-to-date: /root/project/install/fetch_7dof_description/share/fetch_7dof_description/launch/__pycache__
[0.727s] -- Up-to-date: /root/project/install/fetch_7dof_description/share/fetch_7dof_description/launch/__pycache__/fetch_7dof_gazebo.launch.cpython-313.pyc
[0.727s] -- Installing: /root/project/install/fetch_7dof_description/share/fetch_7dof_description/launch/fetch_7dof_gazebo.launch.py
[0.728s] -- Up-to-date: /root/project/install/fetch_7dof_description/share/fetch_7dof_description/worlds
[0.728s] -- Up-to-date: /root/project/install/fetch_7dof_description/share/fetch_7dof_description/worlds/fetch_table.world
[0.728s] -- Up-to-date: /root/project/install/fetch_7dof_description/share/fetch_7dof_description/meshes
[0.728s] -- Up-to-date: /root/project/install/fetch_7dof_description/share/fetch_7dof_description/meshes/wrist_flex_link_collision.STL
[0.728s] -- Up-to-date: /root/project/install/fetch_7dof_description/share/fetch_7dof_description/meshes/wrist_roll_link_collision.STL
[0.728s] -- Up-to-date: /root/project/install/fetch_7dof_description/share/fetch_7dof_description/meshes/r_gripper_finger_link.STL
[0.728s] -- Up-to-date: /root/project/install/fetch_7dof_description/share/fetch_7dof_description/meshes/torso_lift_link.dae
[0.728s] -- Up-to-date: /root/project/install/fetch_7dof_description/share/fetch_7dof_description/meshes/gripper_link.dae
[0.728s] -- Up-to-date: /root/project/install/fetch_7dof_description/share/fetch_7dof_description/meshes/shoulder_pan_link_collision.STL
[0.731s] -- Up-to-date: /root/project/install/fetch_7dof_description/share/fetch_7dof_description/meshes/forearm_roll_link.dae
[0.731s] -- Up-to-date: /root/project/install/fetch_7dof_description/share/fetch_7dof_description/meshes/wrist_roll_link.dae
[0.731s] -- Up-to-date: /root/project/install/fetch_7dof_description/share/fetch_7dof_description/meshes/elbow_flex_link_collision.STL
[0.731s] -- Up-to-date: /root/project/install/fetch_7dof_description/share/fetch_7dof_description/meshes/elbow_flex_link.dae
[0.731s] -- Up-to-date: /root/project/install/fetch_7dof_description/share/fetch_7dof_description/meshes/torso_lift_link_collision.STL
[0.731s] -- Up-to-date: /root/project/install/fetch_7dof_description/share/fetch_7dof_description/meshes/shoulder_pan_link.dae
[0.731s] -- Up-to-date: /root/project/install/fetch_7dof_description/share/fetch_7dof_description/meshes/l_gripper_finger_link.STL
[0.731s] -- Up-to-date: /root/project/install/fetch_7dof_description/share/fetch_7dof_description/meshes/wrist_flex_link.dae
[0.732s] -- Up-to-date: /root/project/install/fetch_7dof_description/share/fetch_7dof_description/meshes/shoulder_lift_link.dae
[0.732s] -- Up-to-date: /root/project/install/fetch_7dof_description/share/fetch_7dof_description/meshes/forearm_roll_link_collision.STL
[0.732s] -- Up-to-date: /root/project/install/fetch_7dof_description/share/fetch_7dof_description/meshes/upperarm_roll_link.dae
[0.732s] -- Up-to-date: /root/project/install/fetch_7dof_description/share/fetch_7dof_description/meshes/upperarm_roll_link_collision.STL
[0.732s] -- Up-to-date: /root/project/install/fetch_7dof_description/share/fetch_7dof_description/meshes/base_link.dae
[0.739s] -- Up-to-date: /root/project/install/fetch_7dof_description/share/fetch_7dof_description/meshes/base_link_collision.STL
[0.742s] -- Up-to-date: /root/project/install/fetch_7dof_description/share/fetch_7dof_description/meshes/gripper_link.STL
[0.742s] -- Up-to-date: /root/project/install/fetch_7dof_description/share/fetch_7dof_description/meshes/shoulder_lift_link_collision.STL
[0.742s] -- Installing: /root/project/install/fetch_7dof_description/share/ament_index/resource_index/package_run_dependencies/fetch_7dof_description
[0.743s] -- Up-to-date: /root/project/install/fetch_7dof_description/share/ament_index/resource_index/parent_prefix_path/fetch_7dof_description
[0.743s] -- Up-to-date: /root/project/install/fetch_7dof_description/share/fetch_7dof_description/environment/ament_prefix_path.sh
[0.743s] -- Up-to-date: /root/project/install/fetch_7dof_description/share/fetch_7dof_description/environment/ament_prefix_path.dsv
[0.743s] -- Up-to-date: /root/project/install/fetch_7dof_description/share/fetch_7dof_description/environment/path.sh
[0.743s] -- Up-to-date: /root/project/install/fetch_7dof_description/share/fetch_7dof_description/environment/path.dsv
[0.743s] -- Up-to-date: /root/project/install/fetch_7dof_description/share/fetch_7dof_description/local_setup.bash
[0.743s] -- Up-to-date: /root/project/install/fetch_7dof_description/share/fetch_7dof_description/local_setup.sh
[0.743s] -- Up-to-date: /root/project/install/fetch_7dof_description/share/fetch_7dof_description/local_setup.zsh
[0.743s] -- Up-to-date: /root/project/install/fetch_7dof_description/share/fetch_7dof_description/local_setup.dsv
[0.743s] -- Up-to-date: /root/project/install/fetch_7dof_description/share/fetch_7dof_description/package.dsv
[0.743s] -- Up-to-date: /root/project/install/fetch_7dof_description/share/ament_index/resource_index/packages/fetch_7dof_description
[0.743s] -- Up-to-date: /root/project/install/fetch_7dof_description/share/fetch_7dof_description/cmake/fetch_7dof_descriptionConfig.cmake
[0.743s] -- Up-to-date: /root/project/install/fetch_7dof_description/share/fetch_7dof_description/cmake/fetch_7dof_descriptionConfig-version.cmake
[0.744s] -- Installing: /root/project/install/fetch_7dof_description/share/fetch_7dof_description/package.xml
[0.744s] Invoked command in '/root/project/build/fetch_7dof_description' returned '0': CMAKE_PREFIX_PATH=${CMAKE_PREFIX_PATH}:/opt/ros/jazzy /usr/bin/cmake --install /root/project/build/fetch_7dof_description
