[0.751s] DEBUG:colcon:Command line arguments: ['/usr/bin/colcon', 'build', '--packages-select', 'fetch_7dof_description']
[0.751s] DEBUG:colcon:Parsed command line arguments: Namespace(log_base=None, log_level=None, verb_name='build', build_base='build', install_base='install', merge_install=False, symlink_install=False, test_result_base=None, continue_on_error=False, executor='parallel', parallel_workers=8, event_handlers=None, ignore_user_meta=False, metas=['./colcon.meta'], base_paths=['.'], packages_ignore=None, packages_ignore_regex=None, paths=None, packages_up_to=None, packages_up_to_regex=None, packages_above=None, packages_above_and_dependencies=None, packages_above_depth=None, packages_select_by_dep=None, packages_skip_by_dep=None, packages_skip_up_to=None, packages_select_build_failed=False, packages_skip_build_finished=False, packages_select_test_failures=False, packages_skip_test_passed=False, packages_select=['fetch_7dof_description'], packages_skip=None, packages_select_regex=None, packages_skip_regex=None, packages_start=None, packages_end=None, cmake_args=None, cmake_target=None, cmake_target_skip_unavailable=False, cmake_clean_cache=False, cmake_clean_first=False, cmake_force_configure=False, ament_cmake_args=None, catkin_cmake_args=None, catkin_skip_building_tests=False, mixin_files=None, mixin=None, verb_parser=<colcon_mixin.mixin.mixin_argument.MixinArgumentDecorator object at 0x7f92a08690a0>, verb_extension=<colcon_core.verb.build.BuildVerb object at 0x7f92a0818ce0>, main=<bound method BuildVerb.main of <colcon_core.verb.build.BuildVerb object at 0x7f92a0818ce0>>, mixin_verb=('build',))
[0.927s] Level 1:colcon.colcon_core.package_discovery:discover_packages(colcon_meta) check parameters
[0.929s] INFO:colcon.colcon_metadata.package_discovery.colcon_meta:Using configuration from '/root/.colcon/metadata/default/Gazebo.meta'
[0.932s] INFO:colcon.colcon_metadata.package_discovery.colcon_meta:Using configuration from '/root/.colcon/metadata/default/fastdds.meta'
[0.933s] INFO:colcon.colcon_metadata.package_discovery.colcon_meta:Using configuration from '/root/.colcon/metadata/default/fastrtps.meta'
[0.934s] Level 1:colcon.colcon_core.package_discovery:discover_packages(recursive) check parameters
[0.934s] Level 1:colcon.colcon_core.package_discovery:discover_packages(ignore) check parameters
[0.934s] Level 1:colcon.colcon_core.package_discovery:discover_packages(path) check parameters
[0.934s] Level 1:colcon.colcon_core.package_discovery:discover_packages(colcon_meta) discover
[0.934s] Level 1:colcon.colcon_core.package_discovery:discover_packages(recursive) discover
[0.934s] INFO:colcon.colcon_core.package_discovery:Crawling recursively for packages in '/root/project'
[0.934s] Level 1:colcon.colcon_core.package_identification:_identify(.) by extensions ['ignore', 'ignore_ament_install']
[0.935s] Level 1:colcon.colcon_core.package_identification:_identify(.) by extension 'ignore'
[0.935s] Level 1:colcon.colcon_core.package_identification:_identify(.) by extension 'ignore_ament_install'
[0.935s] Level 1:colcon.colcon_core.package_identification:_identify(.) by extensions ['colcon_pkg']
[0.935s] Level 1:colcon.colcon_core.package_identification:_identify(.) by extension 'colcon_pkg'
[0.935s] Level 1:colcon.colcon_core.package_identification:_identify(.) by extensions ['colcon_meta']
[0.935s] Level 1:colcon.colcon_core.package_identification:_identify(.) by extension 'colcon_meta'
[0.935s] Level 1:colcon.colcon_core.package_identification:_identify(.) by extensions ['ros']
[0.936s] Level 1:colcon.colcon_core.package_identification:_identify(.) by extension 'ros'
[1.031s] Level 1:colcon.colcon_core.package_identification:_identify(.) by extensions ['cmake', 'python']
[1.031s] Level 1:colcon.colcon_core.package_identification:_identify(.) by extension 'cmake'
[1.031s] Level 1:colcon.colcon_core.package_identification:_identify(.) by extension 'python'
[1.031s] Level 1:colcon.colcon_core.package_identification:_identify(.) by extensions ['python_setup_py']
[1.031s] Level 1:colcon.colcon_core.package_identification:_identify(.) by extension 'python_setup_py'
[1.032s] Level 1:colcon.colcon_core.package_identification:_identify(__pycache__) by extensions ['ignore', 'ignore_ament_install']
[1.032s] Level 1:colcon.colcon_core.package_identification:_identify(__pycache__) by extension 'ignore'
[1.032s] Level 1:colcon.colcon_core.package_identification:_identify(__pycache__) by extension 'ignore_ament_install'
[1.032s] Level 1:colcon.colcon_core.package_identification:_identify(__pycache__) by extensions ['colcon_pkg']
[1.032s] Level 1:colcon.colcon_core.package_identification:_identify(__pycache__) by extension 'colcon_pkg'
[1.033s] Level 1:colcon.colcon_core.package_identification:_identify(__pycache__) by extensions ['colcon_meta']
[1.033s] Level 1:colcon.colcon_core.package_identification:_identify(__pycache__) by extension 'colcon_meta'
[1.033s] Level 1:colcon.colcon_core.package_identification:_identify(__pycache__) by extensions ['ros']
[1.033s] Level 1:colcon.colcon_core.package_identification:_identify(__pycache__) by extension 'ros'
[1.033s] Level 1:colcon.colcon_core.package_identification:_identify(__pycache__) by extensions ['cmake', 'python']
[1.033s] Level 1:colcon.colcon_core.package_identification:_identify(__pycache__) by extension 'cmake'
[1.033s] Level 1:colcon.colcon_core.package_identification:_identify(__pycache__) by extension 'python'
[1.033s] Level 1:colcon.colcon_core.package_identification:_identify(__pycache__) by extensions ['python_setup_py']
[1.033s] Level 1:colcon.colcon_core.package_identification:_identify(__pycache__) by extension 'python_setup_py'
[1.034s] Level 1:colcon.colcon_core.package_identification:_identify(build) by extensions ['ignore', 'ignore_ament_install']
[1.034s] Level 1:colcon.colcon_core.package_identification:_identify(build) by extension 'ignore'
[1.034s] Level 1:colcon.colcon_core.package_identification:_identify(build) ignored
[1.034s] Level 1:colcon.colcon_core.package_identification:_identify(fetch_7dof_description) by extensions ['ignore', 'ignore_ament_install']
[1.035s] Level 1:colcon.colcon_core.package_identification:_identify(fetch_7dof_description) by extension 'ignore'
[1.035s] Level 1:colcon.colcon_core.package_identification:_identify(fetch_7dof_description) by extension 'ignore_ament_install'
[1.035s] Level 1:colcon.colcon_core.package_identification:_identify(fetch_7dof_description) by extensions ['colcon_pkg']
[1.035s] Level 1:colcon.colcon_core.package_identification:_identify(fetch_7dof_description) by extension 'colcon_pkg'
[1.035s] Level 1:colcon.colcon_core.package_identification:_identify(fetch_7dof_description) by extensions ['colcon_meta']
[1.035s] Level 1:colcon.colcon_core.package_identification:_identify(fetch_7dof_description) by extension 'colcon_meta'
[1.035s] Level 1:colcon.colcon_core.package_identification:_identify(fetch_7dof_description) by extensions ['ros']
[1.035s] Level 1:colcon.colcon_core.package_identification:_identify(fetch_7dof_description) by extension 'ros'
[1.045s] DEBUG:colcon.colcon_core.package_identification:Package 'fetch_7dof_description' with type 'ros.ament_cmake' and name 'fetch_7dof_description'
[1.045s] Level 1:colcon.colcon_core.package_identification:_identify(install) by extensions ['ignore', 'ignore_ament_install']
[1.045s] Level 1:colcon.colcon_core.package_identification:_identify(install) by extension 'ignore'
[1.046s] Level 1:colcon.colcon_core.package_identification:_identify(install) ignored
[1.046s] Level 1:colcon.colcon_core.package_identification:_identify(log) by extensions ['ignore', 'ignore_ament_install']
[1.047s] Level 1:colcon.colcon_core.package_identification:_identify(log) by extension 'ignore'
[1.047s] Level 1:colcon.colcon_core.package_identification:_identify(log) ignored
[1.047s] Level 1:colcon.colcon_core.package_discovery:discover_packages(recursive) using defaults
[1.047s] Level 1:colcon.colcon_core.package_discovery:discover_packages(ignore) discover
[1.047s] Level 1:colcon.colcon_core.package_discovery:discover_packages(ignore) using defaults
[1.048s] Level 1:colcon.colcon_core.package_discovery:discover_packages(path) discover
[1.048s] Level 1:colcon.colcon_core.package_discovery:discover_packages(path) using defaults
[1.116s] Level 5:colcon.colcon_core.verb:set package 'fetch_7dof_description' build argument 'cmake_args' from command line to 'None'
[1.117s] Level 5:colcon.colcon_core.verb:set package 'fetch_7dof_description' build argument 'cmake_target' from command line to 'None'
[1.117s] Level 5:colcon.colcon_core.verb:set package 'fetch_7dof_description' build argument 'cmake_target_skip_unavailable' from command line to 'False'
[1.117s] Level 5:colcon.colcon_core.verb:set package 'fetch_7dof_description' build argument 'cmake_clean_cache' from command line to 'False'
[1.117s] Level 5:colcon.colcon_core.verb:set package 'fetch_7dof_description' build argument 'cmake_clean_first' from command line to 'False'
[1.117s] Level 5:colcon.colcon_core.verb:set package 'fetch_7dof_description' build argument 'cmake_force_configure' from command line to 'False'
[1.117s] Level 5:colcon.colcon_core.verb:set package 'fetch_7dof_description' build argument 'ament_cmake_args' from command line to 'None'
[1.117s] Level 5:colcon.colcon_core.verb:set package 'fetch_7dof_description' build argument 'catkin_cmake_args' from command line to 'None'
[1.117s] Level 5:colcon.colcon_core.verb:set package 'fetch_7dof_description' build argument 'catkin_skip_building_tests' from command line to 'False'
[1.117s] DEBUG:colcon.colcon_core.verb:Building package 'fetch_7dof_description' with the following arguments: {'ament_cmake_args': None, 'build_base': '/root/project/build/fetch_7dof_description', 'catkin_cmake_args': None, 'catkin_skip_building_tests': False, 'cmake_args': None, 'cmake_clean_cache': False, 'cmake_clean_first': False, 'cmake_force_configure': False, 'cmake_target': None, 'cmake_target_skip_unavailable': False, 'install_base': '/root/project/install/fetch_7dof_description', 'merge_install': False, 'path': '/root/project/fetch_7dof_description', 'symlink_install': False, 'test_result_base': None}
[1.117s] INFO:colcon.colcon_core.executor:Executing jobs using 'parallel' executor
[1.119s] DEBUG:colcon.colcon_parallel_executor.executor.parallel:run_until_complete
[1.120s] INFO:colcon.colcon_ros.task.ament_cmake.build:Building ROS package in '/root/project/fetch_7dof_description' with build type 'ament_cmake'
[1.120s] INFO:colcon.colcon_cmake.task.cmake.build:Building CMake package in '/root/project/fetch_7dof_description'
[1.134s] INFO:colcon.colcon_core.plugin_system:Skipping extension 'colcon_core.shell.bat': Not used on non-Windows systems
[1.135s] INFO:colcon.colcon_core.shell:Skip shell extension 'powershell' for command environment: Not usable outside of PowerShell
[1.135s] DEBUG:colcon.colcon_core.shell:Skip shell extension 'dsv' for command environment
[1.176s] DEBUG:colcon.colcon_core.event_handler.log_command:Invoking command in '/root/project/build/fetch_7dof_description': CMAKE_PREFIX_PATH=${CMAKE_PREFIX_PATH}:/opt/ros/jazzy /usr/bin/cmake --build /root/project/build/fetch_7dof_description -- -j8 -l8
[2.413s] DEBUG:colcon.colcon_core.event_handler.log_command:Invoked command in '/root/project/build/fetch_7dof_description' returned '0': CMAKE_PREFIX_PATH=${CMAKE_PREFIX_PATH}:/opt/ros/jazzy /usr/bin/cmake --build /root/project/build/fetch_7dof_description -- -j8 -l8
[2.436s] DEBUG:colcon.colcon_core.event_handler.log_command:Invoking command in '/root/project/build/fetch_7dof_description': CMAKE_PREFIX_PATH=${CMAKE_PREFIX_PATH}:/opt/ros/jazzy /usr/bin/cmake --install /root/project/build/fetch_7dof_description
[2.468s] Level 1:colcon.colcon_core.environment:create_environment_scripts_only(fetch_7dof_description)
[2.480s] DEBUG:colcon.colcon_core.event_handler.log_command:Invoked command in '/root/project/build/fetch_7dof_description' returned '0': CMAKE_PREFIX_PATH=${CMAKE_PREFIX_PATH}:/opt/ros/jazzy /usr/bin/cmake --install /root/project/build/fetch_7dof_description
[2.489s] Level 1:colcon.colcon_core.environment:checking '/root/project/install/fetch_7dof_description' for CMake module files
[2.491s] Level 1:colcon.colcon_core.environment:checking '/root/project/install/fetch_7dof_description' for CMake config files
[2.492s] Level 1:colcon.colcon_core.shell:create_environment_hook('fetch_7dof_description', 'cmake_prefix_path')
[2.493s] INFO:colcon.colcon_core.shell:Creating environment hook '/root/project/install/fetch_7dof_description/share/fetch_7dof_description/hook/cmake_prefix_path.ps1'
[2.495s] INFO:colcon.colcon_core.shell:Creating environment descriptor '/root/project/install/fetch_7dof_description/share/fetch_7dof_description/hook/cmake_prefix_path.dsv'
[2.497s] INFO:colcon.colcon_core.shell:Creating environment hook '/root/project/install/fetch_7dof_description/share/fetch_7dof_description/hook/cmake_prefix_path.sh'
[2.500s] Level 1:colcon.colcon_core.environment:checking '/root/project/install/fetch_7dof_description/bin'
[2.500s] Level 1:colcon.colcon_core.environment:checking '/root/project/install/fetch_7dof_description/lib/pkgconfig/fetch_7dof_description.pc'
[2.503s] Level 1:colcon.colcon_core.environment:checking '/root/project/install/fetch_7dof_description/lib/python3.12/site-packages'
[2.504s] Level 1:colcon.colcon_core.environment:checking '/root/project/install/fetch_7dof_description/bin'
[2.505s] INFO:colcon.colcon_core.shell:Creating package script '/root/project/install/fetch_7dof_description/share/fetch_7dof_description/package.ps1'
[2.508s] INFO:colcon.colcon_core.shell:Creating package descriptor '/root/project/install/fetch_7dof_description/share/fetch_7dof_description/package.dsv'
[2.510s] INFO:colcon.colcon_core.shell:Creating package script '/root/project/install/fetch_7dof_description/share/fetch_7dof_description/package.sh'
[2.512s] INFO:colcon.colcon_core.shell:Creating package script '/root/project/install/fetch_7dof_description/share/fetch_7dof_description/package.bash'
[2.514s] INFO:colcon.colcon_core.shell:Creating package script '/root/project/install/fetch_7dof_description/share/fetch_7dof_description/package.zsh'
[2.516s] Level 1:colcon.colcon_core.environment:create_file_with_runtime_dependencies(/root/project/install/fetch_7dof_description/share/colcon-core/packages/fetch_7dof_description)
[2.517s] Level 1:colcon.colcon_core.environment:create_environment_scripts_only(fetch_7dof_description)
[2.518s] Level 1:colcon.colcon_core.environment:checking '/root/project/install/fetch_7dof_description' for CMake module files
[2.519s] Level 1:colcon.colcon_core.environment:checking '/root/project/install/fetch_7dof_description' for CMake config files
[2.519s] Level 1:colcon.colcon_core.shell:create_environment_hook('fetch_7dof_description', 'cmake_prefix_path')
[2.520s] INFO:colcon.colcon_core.shell:Creating environment hook '/root/project/install/fetch_7dof_description/share/fetch_7dof_description/hook/cmake_prefix_path.ps1'
[2.521s] INFO:colcon.colcon_core.shell:Creating environment descriptor '/root/project/install/fetch_7dof_description/share/fetch_7dof_description/hook/cmake_prefix_path.dsv'
[2.522s] INFO:colcon.colcon_core.shell:Creating environment hook '/root/project/install/fetch_7dof_description/share/fetch_7dof_description/hook/cmake_prefix_path.sh'
[2.525s] Level 1:colcon.colcon_core.environment:checking '/root/project/install/fetch_7dof_description/bin'
[2.525s] Level 1:colcon.colcon_core.environment:checking '/root/project/install/fetch_7dof_description/lib/pkgconfig/fetch_7dof_description.pc'
[2.526s] Level 1:colcon.colcon_core.environment:checking '/root/project/install/fetch_7dof_description/lib/python3.12/site-packages'
[2.526s] Level 1:colcon.colcon_core.environment:checking '/root/project/install/fetch_7dof_description/bin'
[2.527s] INFO:colcon.colcon_core.shell:Creating package script '/root/project/install/fetch_7dof_description/share/fetch_7dof_description/package.ps1'
[2.529s] INFO:colcon.colcon_core.shell:Creating package descriptor '/root/project/install/fetch_7dof_description/share/fetch_7dof_description/package.dsv'
[2.530s] INFO:colcon.colcon_core.shell:Creating package script '/root/project/install/fetch_7dof_description/share/fetch_7dof_description/package.sh'
[2.531s] INFO:colcon.colcon_core.shell:Creating package script '/root/project/install/fetch_7dof_description/share/fetch_7dof_description/package.bash'
[2.532s] INFO:colcon.colcon_core.shell:Creating package script '/root/project/install/fetch_7dof_description/share/fetch_7dof_description/package.zsh'
[2.533s] Level 1:colcon.colcon_core.environment:create_file_with_runtime_dependencies(/root/project/install/fetch_7dof_description/share/colcon-core/packages/fetch_7dof_description)
[2.533s] DEBUG:colcon.colcon_parallel_executor.executor.parallel:closing loop
[2.534s] DEBUG:colcon.colcon_parallel_executor.executor.parallel:loop closed
[2.535s] DEBUG:colcon.colcon_parallel_executor.executor.parallel:run_until_complete finished with '0'
[2.535s] DEBUG:colcon.colcon_core.event_reactor:joining thread
[2.568s] INFO:colcon.colcon_core.plugin_system:Skipping extension 'colcon_notification.desktop_notification.notify_send': Could not find 'notify-send'
[2.568s] INFO:colcon.colcon_core.plugin_system:Skipping extension 'colcon_notification.desktop_notification.terminal_notifier': Not used on non-Darwin systems
[2.569s] INFO:colcon.colcon_core.plugin_system:Skipping extension 'colcon_notification.desktop_notification.win32': Not used on non-Windows systems
[2.569s] INFO:colcon.colcon_notification.desktop_notification:Sending desktop notification using 'notify2'
[2.569s] DEBUG:colcon.colcon_notification.desktop_notification.notify2:Failed to initialize notify2: org.freedesktop.DBus.Error.NotSupported: Unable to autolaunch a dbus-daemon without a $DISPLAY for X11
[2.569s] DEBUG:colcon.colcon_core.event_reactor:joined thread
[2.570s] INFO:colcon.colcon_core.shell:Creating prefix script '/root/project/install/local_setup.ps1'
[2.573s] INFO:colcon.colcon_core.shell:Creating prefix util module '/root/project/install/_local_setup_util_ps1.py'
[2.577s] INFO:colcon.colcon_core.shell:Creating prefix chain script '/root/project/install/setup.ps1'
[2.580s] INFO:colcon.colcon_core.shell:Creating prefix script '/root/project/install/local_setup.sh'
[2.586s] INFO:colcon.colcon_core.shell:Creating prefix util module '/root/project/install/_local_setup_util_sh.py'
[2.588s] INFO:colcon.colcon_core.shell:Creating prefix chain script '/root/project/install/setup.sh'
[2.592s] INFO:colcon.colcon_core.shell:Creating prefix script '/root/project/install/local_setup.bash'
[2.594s] INFO:colcon.colcon_core.shell:Creating prefix chain script '/root/project/install/setup.bash'
[2.598s] INFO:colcon.colcon_core.shell:Creating prefix script '/root/project/install/local_setup.zsh'
[2.601s] INFO:colcon.colcon_core.shell:Creating prefix chain script '/root/project/install/setup.zsh'
