[0.047s] Invoking command in '/root/project/build/fetch_7dof_description': CMAKE_PREFIX_PATH=${CMAKE_PREFIX_PATH}:/opt/ros/jazzy /usr/bin/cmake --build /root/project/build/fetch_7dof_description -- -j8 -l8
[0.194s] -- Found ament_cmake: 2.5.6 (/opt/ros/jazzy/share/ament_cmake/cmake)
[1.329s] -- Configuring done (1.2s)
[1.344s] -- Generating done (0.0s)
[1.353s] -- Build files have been written to: /root/project/build/fetch_7dof_description
[1.425s] Invoked command in '/root/project/build/fetch_7dof_description' returned '0': CMAKE_PREFIX_PATH=${CMAKE_PREFIX_PATH}:/opt/ros/jazzy /usr/bin/cmake --build /root/project/build/fetch_7dof_description -- -j8 -l8
[1.457s] Invoking command in '/root/project/build/fetch_7dof_description': CMAKE_PREFIX_PATH=${CMAKE_PREFIX_PATH}:/opt/ros/jazzy /usr/bin/cmake --install /root/project/build/fetch_7dof_description
[1.482s] -- Install configuration: ""
[1.484s] -- Up-to-date: /root/project/install/fetch_7dof_description/share/fetch_7dof_description/urdf
[1.484s] -- Installing: /root/project/install/fetch_7dof_description/share/fetch_7dof_description/urdf/fetch_7dof.urdf
[1.484s] -- Up-to-date: /root/project/install/fetch_7dof_description/share/fetch_7dof_description/config
[1.484s] -- Up-to-date: /root/project/install/fetch_7dof_description/share/fetch_7dof_description/config/ros2_control.yaml
[1.487s] -- Up-to-date: /root/project/install/fetch_7dof_description/share/fetch_7dof_description/launch
[1.490s] -- Up-to-date: /root/project/install/fetch_7dof_description/share/fetch_7dof_description/launch/__pycache__
[1.493s] -- Up-to-date: /root/project/install/fetch_7dof_description/share/fetch_7dof_description/launch/__pycache__/fetch_7dof_gazebo.launch.cpython-313.pyc
[1.493s] -- Up-to-date: /root/project/install/fetch_7dof_description/share/fetch_7dof_description/launch/fetch_7dof_gazebo.launch.py
[1.493s] -- Up-to-date: /root/project/install/fetch_7dof_description/share/fetch_7dof_description/worlds
[1.494s] -- Up-to-date: /root/project/install/fetch_7dof_description/share/fetch_7dof_description/worlds/fetch_table.world
[1.494s] -- Up-to-date: /root/project/install/fetch_7dof_description/share/fetch_7dof_description/meshes
[1.500s] -- Up-to-date: /root/project/install/fetch_7dof_description/share/fetch_7dof_description/meshes/wrist_flex_link_collision.STL
[1.500s] -- Up-to-date: /root/project/install/fetch_7dof_description/share/fetch_7dof_description/meshes/wrist_roll_link_collision.STL
[1.502s] -- Up-to-date: /root/project/install/fetch_7dof_description/share/fetch_7dof_description/meshes/r_gripper_finger_link.STL
[1.502s] -- Up-to-date: /root/project/install/fetch_7dof_description/share/fetch_7dof_description/meshes/torso_lift_link.dae
[1.503s] -- Up-to-date: /root/project/install/fetch_7dof_description/share/fetch_7dof_description/meshes/gripper_link.dae
[1.503s] -- Up-to-date: /root/project/install/fetch_7dof_description/share/fetch_7dof_description/meshes/shoulder_pan_link_collision.STL
[1.503s] -- Up-to-date: /root/project/install/fetch_7dof_description/share/fetch_7dof_description/meshes/forearm_roll_link.dae
[1.503s] -- Up-to-date: /root/project/install/fetch_7dof_description/share/fetch_7dof_description/meshes/wrist_roll_link.dae
[1.503s] -- Up-to-date: /root/project/install/fetch_7dof_description/share/fetch_7dof_description/meshes/elbow_flex_link_collision.STL
[1.504s] -- Up-to-date: /root/project/install/fetch_7dof_description/share/fetch_7dof_description/meshes/elbow_flex_link.dae
[1.504s] -- Up-to-date: /root/project/install/fetch_7dof_description/share/fetch_7dof_description/meshes/torso_lift_link_collision.STL
[1.504s] -- Up-to-date: /root/project/install/fetch_7dof_description/share/fetch_7dof_description/meshes/shoulder_pan_link.dae
[1.504s] -- Up-to-date: /root/project/install/fetch_7dof_description/share/fetch_7dof_description/meshes/l_gripper_finger_link.STL
[1.505s] -- Up-to-date: /root/project/install/fetch_7dof_description/share/fetch_7dof_description/meshes/wrist_flex_link.dae
[1.505s] -- Up-to-date: /root/project/install/fetch_7dof_description/share/fetch_7dof_description/meshes/shoulder_lift_link.dae
[1.510s] -- Up-to-date: /root/project/install/fetch_7dof_description/share/fetch_7dof_description/meshes/forearm_roll_link_collision.STL
[1.514s] -- Up-to-date: /root/project/install/fetch_7dof_description/share/fetch_7dof_description/meshes/upperarm_roll_link.dae
[1.514s] -- Up-to-date: /root/project/install/fetch_7dof_description/share/fetch_7dof_description/meshes/upperarm_roll_link_collision.STL
[1.515s] -- Up-to-date: /root/project/install/fetch_7dof_description/share/fetch_7dof_description/meshes/base_link.dae
[1.515s] -- Up-to-date: /root/project/install/fetch_7dof_description/share/fetch_7dof_description/meshes/base_link_collision.STL
[1.515s] -- Up-to-date: /root/project/install/fetch_7dof_description/share/fetch_7dof_description/meshes/gripper_link.STL
[1.515s] -- Up-to-date: /root/project/install/fetch_7dof_description/share/fetch_7dof_description/meshes/shoulder_lift_link_collision.STL
[1.515s] -- Up-to-date: /root/project/install/fetch_7dof_description/share/ament_index/resource_index/package_run_dependencies/fetch_7dof_description
[1.520s] -- Up-to-date: /root/project/install/fetch_7dof_description/share/ament_index/resource_index/parent_prefix_path/fetch_7dof_description
[1.520s] -- Up-to-date: /root/project/install/fetch_7dof_description/share/fetch_7dof_description/environment/ament_prefix_path.sh
[1.521s] -- Up-to-date: /root/project/install/fetch_7dof_description/share/fetch_7dof_description/environment/ament_prefix_path.dsv
[1.523s] -- Up-to-date: /root/project/install/fetch_7dof_description/share/fetch_7dof_description/environment/path.sh
[1.526s] -- Up-to-date: /root/project/install/fetch_7dof_description/share/fetch_7dof_description/environment/path.dsv
[1.526s] -- Up-to-date: /root/project/install/fetch_7dof_description/share/fetch_7dof_description/local_setup.bash
[1.527s] -- Up-to-date: /root/project/install/fetch_7dof_description/share/fetch_7dof_description/local_setup.sh
[1.528s] -- Up-to-date: /root/project/install/fetch_7dof_description/share/fetch_7dof_description/local_setup.zsh
[1.529s] -- Up-to-date: /root/project/install/fetch_7dof_description/share/fetch_7dof_description/local_setup.dsv
[1.529s] -- Installing: /root/project/install/fetch_7dof_description/share/fetch_7dof_description/package.dsv
[1.529s] -- Up-to-date: /root/project/install/fetch_7dof_description/share/ament_index/resource_index/packages/fetch_7dof_description
[1.529s] -- Up-to-date: /root/project/install/fetch_7dof_description/share/fetch_7dof_description/cmake/fetch_7dof_descriptionConfig.cmake
[1.530s] -- Up-to-date: /root/project/install/fetch_7dof_description/share/fetch_7dof_description/cmake/fetch_7dof_descriptionConfig-version.cmake
[1.530s] -- Installing: /root/project/install/fetch_7dof_description/share/fetch_7dof_description/package.xml
[1.535s] Invoked command in '/root/project/build/fetch_7dof_description' returned '0': CMAKE_PREFIX_PATH=${CMAKE_PREFIX_PATH}:/opt/ros/jazzy /usr/bin/cmake --install /root/project/build/fetch_7dof_description
