[0.000000] (-) TimerEvent: {}
[0.000194] (fetch_7dof_description) JobQueued: {'identifier': 'fetch_7dof_description', 'dependencies': OrderedDict()}
[0.000776] (fetch_7dof_description) JobStarted: {'identifier': 'fetch_7dof_description'}
[0.020119] (fetch_7dof_description) JobProgress: {'identifier': 'fetch_7dof_description', 'progress': 'cmake'}
[0.021185] (fetch_7dof_description) JobProgress: {'identifier': 'fetch_7dof_description', 'progress': 'build'}
[0.022447] (fetch_7dof_description) Command: {'cmd': ['/usr/bin/cmake', '--build', '/root/project/build/fetch_7dof_description', '--', '-j8', '-l8'], 'cwd': '/root/project/build/fetch_7dof_description', 'env': OrderedDict({'GZ_SIM_SYSTEM_PLUGIN_PATH': '/opt/ros/jazzy/lib', 'GZ_SIM_RESOURCE_PATH': '/opt/ros/jazzy/share', 'GZ_CONFIG_PATH': '/opt/ros/jazzy/opt/gz_sim_vendor/share/gz:/opt/ros/jazzy/opt/sdformat_vendor/share/gz:/opt/ros/jazzy/opt/gz_gui_vendor/share/gz:/opt/ros/jazzy/opt/gz_transport_vendor/share/gz:/opt/ros/jazzy/opt/gz_rendering_vendor/share/gz:/opt/ros/jazzy/opt/gz_plugin_vendor/share/gz:/opt/ros/jazzy/opt/gz_fuel_tools_vendor/share/gz:/opt/ros/jazzy/opt/gz_msgs_vendor/share/gz:/opt/ros/jazzy/opt/gz_common_vendor/share/gz', 'HOSTNAME': 'ae003e4156d3', 'SHLVL': '1', 'LD_LIBRARY_PATH': '/opt/ros/jazzy/opt/gz_sim_vendor/lib:/opt/ros/jazzy/opt/gz_sensors_vendor/lib:/opt/ros/jazzy/opt/gz_physics_vendor/lib:/opt/ros/jazzy/opt/sdformat_vendor/lib:/opt/ros/jazzy/opt/rviz_ogre_vendor/lib:/opt/ros/jazzy/lib/x86_64-linux-gnu:/opt/ros/jazzy/opt/gz_gui_vendor/lib:/opt/ros/jazzy/opt/gz_transport_vendor/lib:/opt/ros/jazzy/opt/gz_rendering_vendor/lib:/opt/ros/jazzy/opt/gz_plugin_vendor/lib:/opt/ros/jazzy/opt/gz_fuel_tools_vendor/lib:/opt/ros/jazzy/opt/gz_msgs_vendor/lib:/opt/ros/jazzy/opt/gz_common_vendor/lib:/opt/ros/jazzy/opt/gz_math_vendor/lib:/opt/ros/jazzy/opt/gz_utils_vendor/lib:/opt/ros/jazzy/opt/gz_tools_vendor/lib:/opt/ros/jazzy/opt/gz_ogre_next_vendor/lib:/opt/ros/jazzy/opt/gz_dartsim_vendor/lib:/opt/ros/jazzy/opt/gz_cmake_vendor/lib:/opt/ros/jazzy/lib', 'HOME': '/root', 'OLDPWD': '/ws', 'ROS_PYTHON_VERSION': '3', 'ROS_DISTRO': 'jazzy', '_': '/usr/bin/colcon', 'ROS_VERSION': '2', 'PATH': '/opt/ros/jazzy/opt/gz_msgs_vendor/bin:/opt/ros/jazzy/opt/gz_tools_vendor/bin:/opt/ros/jazzy/opt/gz_ogre_next_vendor/bin:/opt/ros/jazzy/bin:/usr/local/sbin:/usr/local/bin:/usr/sbin:/usr/bin:/sbin:/bin', 'LANG': 'C.UTF-8', 'AMENT_PREFIX_PATH': '/opt/ros/jazzy', 'ROS_AUTOMATIC_DISCOVERY_RANGE': 'SUBNET', 'PWD': '/root/project/build/fetch_7dof_description', 'LC_ALL': 'C.UTF-8', 'PYTHONPATH': '/opt/ros/jazzy/lib/python3.12/site-packages', 'COLCON': '1', 'CMAKE_PREFIX_PATH': '/opt/ros/jazzy/opt/gz_sim_vendor:/opt/ros/jazzy/opt/gz_sensors_vendor:/opt/ros/jazzy/opt/gz_physics_vendor:/opt/ros/jazzy/opt/sdformat_vendor:/opt/ros/jazzy/opt/gz_gui_vendor:/opt/ros/jazzy/opt/gz_transport_vendor:/opt/ros/jazzy/opt/gz_rendering_vendor:/opt/ros/jazzy/opt/gz_plugin_vendor:/opt/ros/jazzy/opt/gz_fuel_tools_vendor:/opt/ros/jazzy/opt/gz_msgs_vendor:/opt/ros/jazzy/opt/gz_common_vendor:/opt/ros/jazzy/opt/gz_math_vendor:/opt/ros/jazzy/opt/gz_utils_vendor:/opt/ros/jazzy/opt/gz_tools_vendor:/opt/ros/jazzy/opt/gz_ogre_next_vendor:/opt/ros/jazzy/opt/gz_dartsim_vendor:/opt/ros/jazzy/opt/gz_cmake_vendor:/opt/ros/jazzy'}), 'shell': False}
[0.099580] (-) TimerEvent: {}
[0.105080] (fetch_7dof_description) CommandEnded: {'returncode': 0}
[0.105595] (fetch_7dof_description) JobProgress: {'identifier': 'fetch_7dof_description', 'progress': 'install'}
[0.134241] (fetch_7dof_description) Command: {'cmd': ['/usr/bin/cmake', '--install', '/root/project/build/fetch_7dof_description'], 'cwd': '/root/project/build/fetch_7dof_description', 'env': OrderedDict({'GZ_SIM_SYSTEM_PLUGIN_PATH': '/opt/ros/jazzy/lib', 'GZ_SIM_RESOURCE_PATH': '/opt/ros/jazzy/share', 'GZ_CONFIG_PATH': '/opt/ros/jazzy/opt/gz_sim_vendor/share/gz:/opt/ros/jazzy/opt/sdformat_vendor/share/gz:/opt/ros/jazzy/opt/gz_gui_vendor/share/gz:/opt/ros/jazzy/opt/gz_transport_vendor/share/gz:/opt/ros/jazzy/opt/gz_rendering_vendor/share/gz:/opt/ros/jazzy/opt/gz_plugin_vendor/share/gz:/opt/ros/jazzy/opt/gz_fuel_tools_vendor/share/gz:/opt/ros/jazzy/opt/gz_msgs_vendor/share/gz:/opt/ros/jazzy/opt/gz_common_vendor/share/gz', 'HOSTNAME': 'ae003e4156d3', 'SHLVL': '1', 'LD_LIBRARY_PATH': '/opt/ros/jazzy/opt/gz_sim_vendor/lib:/opt/ros/jazzy/opt/gz_sensors_vendor/lib:/opt/ros/jazzy/opt/gz_physics_vendor/lib:/opt/ros/jazzy/opt/sdformat_vendor/lib:/opt/ros/jazzy/opt/rviz_ogre_vendor/lib:/opt/ros/jazzy/lib/x86_64-linux-gnu:/opt/ros/jazzy/opt/gz_gui_vendor/lib:/opt/ros/jazzy/opt/gz_transport_vendor/lib:/opt/ros/jazzy/opt/gz_rendering_vendor/lib:/opt/ros/jazzy/opt/gz_plugin_vendor/lib:/opt/ros/jazzy/opt/gz_fuel_tools_vendor/lib:/opt/ros/jazzy/opt/gz_msgs_vendor/lib:/opt/ros/jazzy/opt/gz_common_vendor/lib:/opt/ros/jazzy/opt/gz_math_vendor/lib:/opt/ros/jazzy/opt/gz_utils_vendor/lib:/opt/ros/jazzy/opt/gz_tools_vendor/lib:/opt/ros/jazzy/opt/gz_ogre_next_vendor/lib:/opt/ros/jazzy/opt/gz_dartsim_vendor/lib:/opt/ros/jazzy/opt/gz_cmake_vendor/lib:/opt/ros/jazzy/lib', 'HOME': '/root', 'OLDPWD': '/ws', 'ROS_PYTHON_VERSION': '3', 'ROS_DISTRO': 'jazzy', '_': '/usr/bin/colcon', 'ROS_VERSION': '2', 'PATH': '/opt/ros/jazzy/opt/gz_msgs_vendor/bin:/opt/ros/jazzy/opt/gz_tools_vendor/bin:/opt/ros/jazzy/opt/gz_ogre_next_vendor/bin:/opt/ros/jazzy/bin:/usr/local/sbin:/usr/local/bin:/usr/sbin:/usr/bin:/sbin:/bin', 'LANG': 'C.UTF-8', 'AMENT_PREFIX_PATH': '/opt/ros/jazzy', 'ROS_AUTOMATIC_DISCOVERY_RANGE': 'SUBNET', 'PWD': '/root/project/build/fetch_7dof_description', 'LC_ALL': 'C.UTF-8', 'PYTHONPATH': '/opt/ros/jazzy/lib/python3.12/site-packages', 'COLCON': '1', 'CMAKE_PREFIX_PATH': '/opt/ros/jazzy/opt/gz_sim_vendor:/opt/ros/jazzy/opt/gz_sensors_vendor:/opt/ros/jazzy/opt/gz_physics_vendor:/opt/ros/jazzy/opt/sdformat_vendor:/opt/ros/jazzy/opt/gz_gui_vendor:/opt/ros/jazzy/opt/gz_transport_vendor:/opt/ros/jazzy/opt/gz_rendering_vendor:/opt/ros/jazzy/opt/gz_plugin_vendor:/opt/ros/jazzy/opt/gz_fuel_tools_vendor:/opt/ros/jazzy/opt/gz_msgs_vendor:/opt/ros/jazzy/opt/gz_common_vendor:/opt/ros/jazzy/opt/gz_math_vendor:/opt/ros/jazzy/opt/gz_utils_vendor:/opt/ros/jazzy/opt/gz_tools_vendor:/opt/ros/jazzy/opt/gz_ogre_next_vendor:/opt/ros/jazzy/opt/gz_dartsim_vendor:/opt/ros/jazzy/opt/gz_cmake_vendor:/opt/ros/jazzy'}), 'shell': False}
[0.154647] (fetch_7dof_description) StdoutLine: {'line': b'-- Install configuration: ""\n'}
[0.154974] (fetch_7dof_description) StdoutLine: {'line': b'-- Up-to-date: /root/project/install/fetch_7dof_description/share/fetch_7dof_description/urdf\n'}
[0.155127] (fetch_7dof_description) StdoutLine: {'line': b'-- Up-to-date: /root/project/install/fetch_7dof_description/share/fetch_7dof_description/urdf/fetch_7dof.urdf\n'}
[0.155295] (fetch_7dof_description) StdoutLine: {'line': b'-- Up-to-date: /root/project/install/fetch_7dof_description/share/fetch_7dof_description/config\n'}
[0.155427] (fetch_7dof_description) StdoutLine: {'line': b'-- Up-to-date: /root/project/install/fetch_7dof_description/share/fetch_7dof_description/config/ros2_control.yaml\n'}
[0.155551] (fetch_7dof_description) StdoutLine: {'line': b'-- Up-to-date: /root/project/install/fetch_7dof_description/share/fetch_7dof_description/launch\n'}
[0.155679] (fetch_7dof_description) StdoutLine: {'line': b'-- Up-to-date: /root/project/install/fetch_7dof_description/share/fetch_7dof_description/launch/__pycache__\n'}
[0.155798] (fetch_7dof_description) StdoutLine: {'line': b'-- Up-to-date: /root/project/install/fetch_7dof_description/share/fetch_7dof_description/launch/__pycache__/fetch_7dof_gazebo.launch.cpython-313.pyc\n'}
[0.155917] (fetch_7dof_description) StdoutLine: {'line': b'-- Installing: /root/project/install/fetch_7dof_description/share/fetch_7dof_description/launch/fetch_7dof_gazebo.launch.py\n'}
[0.156026] (fetch_7dof_description) StdoutLine: {'line': b'-- Up-to-date: /root/project/install/fetch_7dof_description/share/fetch_7dof_description/worlds\n'}
[0.156141] (fetch_7dof_description) StdoutLine: {'line': b'-- Up-to-date: /root/project/install/fetch_7dof_description/share/fetch_7dof_description/worlds/fetch_table.world\n'}
[0.158267] (fetch_7dof_description) StdoutLine: {'line': b'-- Up-to-date: /root/project/install/fetch_7dof_description/share/fetch_7dof_description/meshes\n'}
[0.158461] (fetch_7dof_description) StdoutLine: {'line': b'-- Up-to-date: /root/project/install/fetch_7dof_description/share/fetch_7dof_description/meshes/wrist_flex_link_collision.STL\n'}
[0.158610] (fetch_7dof_description) StdoutLine: {'line': b'-- Up-to-date: /root/project/install/fetch_7dof_description/share/fetch_7dof_description/meshes/wrist_roll_link_collision.STL\n'}
[0.158739] (fetch_7dof_description) StdoutLine: {'line': b'-- Up-to-date: /root/project/install/fetch_7dof_description/share/fetch_7dof_description/meshes/r_gripper_finger_link.STL\n'}
[0.158872] (fetch_7dof_description) StdoutLine: {'line': b'-- Up-to-date: /root/project/install/fetch_7dof_description/share/fetch_7dof_description/meshes/torso_lift_link.dae\n'}
[0.158993] (fetch_7dof_description) StdoutLine: {'line': b'-- Up-to-date: /root/project/install/fetch_7dof_description/share/fetch_7dof_description/meshes/gripper_link.dae\n'}
[0.159105] (fetch_7dof_description) StdoutLine: {'line': b'-- Up-to-date: /root/project/install/fetch_7dof_description/share/fetch_7dof_description/meshes/shoulder_pan_link_collision.STL\n'}
[0.162132] (fetch_7dof_description) StdoutLine: {'line': b'-- Up-to-date: /root/project/install/fetch_7dof_description/share/fetch_7dof_description/meshes/forearm_roll_link.dae\n'}
[0.162391] (fetch_7dof_description) StdoutLine: {'line': b'-- Up-to-date: /root/project/install/fetch_7dof_description/share/fetch_7dof_description/meshes/wrist_roll_link.dae\n'}
[0.162533] (fetch_7dof_description) StdoutLine: {'line': b'-- Up-to-date: /root/project/install/fetch_7dof_description/share/fetch_7dof_description/meshes/elbow_flex_link_collision.STL\n'}
[0.162659] (fetch_7dof_description) StdoutLine: {'line': b'-- Up-to-date: /root/project/install/fetch_7dof_description/share/fetch_7dof_description/meshes/elbow_flex_link.dae\n'}
[0.162780] (fetch_7dof_description) StdoutLine: {'line': b'-- Up-to-date: /root/project/install/fetch_7dof_description/share/fetch_7dof_description/meshes/torso_lift_link_collision.STL\n'}
[0.162903] (fetch_7dof_description) StdoutLine: {'line': b'-- Up-to-date: /root/project/install/fetch_7dof_description/share/fetch_7dof_description/meshes/shoulder_pan_link.dae\n'}
[0.163022] (fetch_7dof_description) StdoutLine: {'line': b'-- Up-to-date: /root/project/install/fetch_7dof_description/share/fetch_7dof_description/meshes/l_gripper_finger_link.STL\n'}
[0.163137] (fetch_7dof_description) StdoutLine: {'line': b'-- Up-to-date: /root/project/install/fetch_7dof_description/share/fetch_7dof_description/meshes/wrist_flex_link.dae\n'}
[0.167588] (fetch_7dof_description) StdoutLine: {'line': b'-- Up-to-date: /root/project/install/fetch_7dof_description/share/fetch_7dof_description/meshes/shoulder_lift_link.dae\n'}
[0.167858] (fetch_7dof_description) StdoutLine: {'line': b'-- Up-to-date: /root/project/install/fetch_7dof_description/share/fetch_7dof_description/meshes/forearm_roll_link_collision.STL\n'}
[0.168048] (fetch_7dof_description) StdoutLine: {'line': b'-- Up-to-date: /root/project/install/fetch_7dof_description/share/fetch_7dof_description/meshes/upperarm_roll_link.dae\n'}
[0.168265] (fetch_7dof_description) StdoutLine: {'line': b'-- Up-to-date: /root/project/install/fetch_7dof_description/share/fetch_7dof_description/meshes/upperarm_roll_link_collision.STL\n'}
[0.168440] (fetch_7dof_description) StdoutLine: {'line': b'-- Up-to-date: /root/project/install/fetch_7dof_description/share/fetch_7dof_description/meshes/base_link.dae\n'}
[0.168544] (fetch_7dof_description) StdoutLine: {'line': b'-- Up-to-date: /root/project/install/fetch_7dof_description/share/fetch_7dof_description/meshes/base_link_collision.STL\n'}
[0.168648] (fetch_7dof_description) StdoutLine: {'line': b'-- Up-to-date: /root/project/install/fetch_7dof_description/share/fetch_7dof_description/meshes/gripper_link.STL\n'}
[0.168763] (fetch_7dof_description) StdoutLine: {'line': b'-- Up-to-date: /root/project/install/fetch_7dof_description/share/fetch_7dof_description/meshes/shoulder_lift_link_collision.STL\n'}
[0.168935] (fetch_7dof_description) StdoutLine: {'line': b'-- Up-to-date: /root/project/install/fetch_7dof_description/share/ament_index/resource_index/package_run_dependencies/fetch_7dof_description\n'}
[0.169087] (fetch_7dof_description) StdoutLine: {'line': b'-- Up-to-date: /root/project/install/fetch_7dof_description/share/ament_index/resource_index/parent_prefix_path/fetch_7dof_description\n'}
[0.169281] (fetch_7dof_description) StdoutLine: {'line': b'-- Up-to-date: /root/project/install/fetch_7dof_description/share/fetch_7dof_description/environment/ament_prefix_path.sh\n'}
[0.178565] (fetch_7dof_description) StdoutLine: {'line': b'-- Up-to-date: /root/project/install/fetch_7dof_description/share/fetch_7dof_description/environment/ament_prefix_path.dsv\n'}
[0.178752] (fetch_7dof_description) StdoutLine: {'line': b'-- Up-to-date: /root/project/install/fetch_7dof_description/share/fetch_7dof_description/environment/path.sh\n'}
[0.178887] (fetch_7dof_description) StdoutLine: {'line': b'-- Up-to-date: /root/project/install/fetch_7dof_description/share/fetch_7dof_description/environment/path.dsv\n'}
[0.179016] (fetch_7dof_description) StdoutLine: {'line': b'-- Up-to-date: /root/project/install/fetch_7dof_description/share/fetch_7dof_description/local_setup.bash\n'}
[0.179142] (fetch_7dof_description) StdoutLine: {'line': b'-- Up-to-date: /root/project/install/fetch_7dof_description/share/fetch_7dof_description/local_setup.sh\n'}
[0.179278] (fetch_7dof_description) StdoutLine: {'line': b'-- Up-to-date: /root/project/install/fetch_7dof_description/share/fetch_7dof_description/local_setup.zsh\n'}
[0.179407] (fetch_7dof_description) StdoutLine: {'line': b'-- Up-to-date: /root/project/install/fetch_7dof_description/share/fetch_7dof_description/local_setup.dsv\n'}
[0.179533] (fetch_7dof_description) StdoutLine: {'line': b'-- Installing: /root/project/install/fetch_7dof_description/share/fetch_7dof_description/package.dsv\n'}
[0.179664] (fetch_7dof_description) StdoutLine: {'line': b'-- Up-to-date: /root/project/install/fetch_7dof_description/share/ament_index/resource_index/packages/fetch_7dof_description\n'}
[0.179773] (fetch_7dof_description) StdoutLine: {'line': b'-- Up-to-date: /root/project/install/fetch_7dof_description/share/fetch_7dof_description/cmake/fetch_7dof_descriptionConfig.cmake\n'}
[0.179894] (fetch_7dof_description) StdoutLine: {'line': b'-- Up-to-date: /root/project/install/fetch_7dof_description/share/fetch_7dof_description/cmake/fetch_7dof_descriptionConfig-version.cmake\n'}
[0.180023] (fetch_7dof_description) StdoutLine: {'line': b'-- Up-to-date: /root/project/install/fetch_7dof_description/share/fetch_7dof_description/package.xml\n'}
[0.180147] (fetch_7dof_description) CommandEnded: {'returncode': 0}
[0.199694] (-) TimerEvent: {}
[0.213338] (fetch_7dof_description) JobEnded: {'identifier': 'fetch_7dof_description', 'rc': 0}
[0.214354] (-) EventReactorShutdown: {}
