[0.000000] (-) TimerEvent: {}
[0.000468] (fetch_7dof_description) JobQueued: {'identifier': 'fetch_7dof_description', 'dependencies': OrderedDict()}
[0.000630] (fetch_7dof_description) JobStarted: {'identifier': 'fetch_7dof_description'}
[0.054507] (fetch_7dof_description) JobProgress: {'identifier': 'fetch_7dof_description', 'progress': 'cmake'}
[0.057921] (fetch_7dof_description) JobProgress: {'identifier': 'fetch_7dof_description', 'progress': 'build'}
[0.058336] (fetch_7dof_description) Command: {'cmd': ['/usr/bin/cmake', '--build', '/root/project/build/fetch_7dof_description', '--', '-j8', '-l8'], 'cwd': '/root/project/build/fetch_7dof_description', 'env': OrderedDict({'GZ_SIM_SYSTEM_PLUGIN_PATH': '/opt/ros/jazzy/lib', 'GZ_SIM_RESOURCE_PATH': '/opt/ros/jazzy/share', 'GZ_CONFIG_PATH': '/opt/ros/jazzy/opt/gz_sim_vendor/share/gz:/opt/ros/jazzy/opt/sdformat_vendor/share/gz:/opt/ros/jazzy/opt/gz_gui_vendor/share/gz:/opt/ros/jazzy/opt/gz_transport_vendor/share/gz:/opt/ros/jazzy/opt/gz_rendering_vendor/share/gz:/opt/ros/jazzy/opt/gz_plugin_vendor/share/gz:/opt/ros/jazzy/opt/gz_fuel_tools_vendor/share/gz:/opt/ros/jazzy/opt/gz_msgs_vendor/share/gz:/opt/ros/jazzy/opt/gz_common_vendor/share/gz', 'HOSTNAME': 'b80f37d239a7', 'SHLVL': '1', 'LD_LIBRARY_PATH': '/opt/ros/jazzy/opt/gz_sim_vendor/lib:/opt/ros/jazzy/opt/gz_sensors_vendor/lib:/opt/ros/jazzy/opt/gz_physics_vendor/lib:/opt/ros/jazzy/opt/sdformat_vendor/lib:/opt/ros/jazzy/opt/rviz_ogre_vendor/lib:/opt/ros/jazzy/lib/x86_64-linux-gnu:/opt/ros/jazzy/opt/gz_gui_vendor/lib:/opt/ros/jazzy/opt/gz_transport_vendor/lib:/opt/ros/jazzy/opt/gz_rendering_vendor/lib:/opt/ros/jazzy/opt/gz_plugin_vendor/lib:/opt/ros/jazzy/opt/gz_fuel_tools_vendor/lib:/opt/ros/jazzy/opt/gz_msgs_vendor/lib:/opt/ros/jazzy/opt/gz_common_vendor/lib:/opt/ros/jazzy/opt/gz_math_vendor/lib:/opt/ros/jazzy/opt/gz_utils_vendor/lib:/opt/ros/jazzy/opt/gz_tools_vendor/lib:/opt/ros/jazzy/opt/gz_ogre_next_vendor/lib:/opt/ros/jazzy/opt/gz_dartsim_vendor/lib:/opt/ros/jazzy/opt/gz_cmake_vendor/lib:/opt/ros/jazzy/lib', 'HOME': '/root', 'OLDPWD': '/ws', 'ROS_PYTHON_VERSION': '3', 'ROS_DISTRO': 'jazzy', '_': '/usr/bin/colcon', 'ROS_VERSION': '2', 'PATH': '/opt/ros/jazzy/opt/gz_msgs_vendor/bin:/opt/ros/jazzy/opt/gz_tools_vendor/bin:/opt/ros/jazzy/opt/gz_ogre_next_vendor/bin:/opt/ros/jazzy/bin:/usr/local/sbin:/usr/local/bin:/usr/sbin:/usr/bin:/sbin:/bin', 'LANG': 'C.UTF-8', 'AMENT_PREFIX_PATH': '/opt/ros/jazzy', 'ROS_AUTOMATIC_DISCOVERY_RANGE': 'SUBNET', 'PWD': '/root/project/build/fetch_7dof_description', 'LC_ALL': 'C.UTF-8', 'PYTHONPATH': '/opt/ros/jazzy/lib/python3.12/site-packages', 'COLCON': '1', 'CMAKE_PREFIX_PATH': '/opt/ros/jazzy/opt/gz_sim_vendor:/opt/ros/jazzy/opt/gz_sensors_vendor:/opt/ros/jazzy/opt/gz_physics_vendor:/opt/ros/jazzy/opt/sdformat_vendor:/opt/ros/jazzy/opt/gz_gui_vendor:/opt/ros/jazzy/opt/gz_transport_vendor:/opt/ros/jazzy/opt/gz_rendering_vendor:/opt/ros/jazzy/opt/gz_plugin_vendor:/opt/ros/jazzy/opt/gz_fuel_tools_vendor:/opt/ros/jazzy/opt/gz_msgs_vendor:/opt/ros/jazzy/opt/gz_common_vendor:/opt/ros/jazzy/opt/gz_math_vendor:/opt/ros/jazzy/opt/gz_utils_vendor:/opt/ros/jazzy/opt/gz_tools_vendor:/opt/ros/jazzy/opt/gz_ogre_next_vendor:/opt/ros/jazzy/opt/gz_dartsim_vendor:/opt/ros/jazzy/opt/gz_cmake_vendor:/opt/ros/jazzy'}), 'shell': False}
[0.096104] (-) TimerEvent: {}
[0.196444] (-) TimerEvent: {}
[0.198386] (fetch_7dof_description) CommandEnded: {'returncode': 0}
[0.201011] (fetch_7dof_description) JobProgress: {'identifier': 'fetch_7dof_description', 'progress': 'install'}
[0.230479] (fetch_7dof_description) Command: {'cmd': ['/usr/bin/cmake', '--install', '/root/project/build/fetch_7dof_description'], 'cwd': '/root/project/build/fetch_7dof_description', 'env': OrderedDict({'GZ_SIM_SYSTEM_PLUGIN_PATH': '/opt/ros/jazzy/lib', 'GZ_SIM_RESOURCE_PATH': '/opt/ros/jazzy/share', 'GZ_CONFIG_PATH': '/opt/ros/jazzy/opt/gz_sim_vendor/share/gz:/opt/ros/jazzy/opt/sdformat_vendor/share/gz:/opt/ros/jazzy/opt/gz_gui_vendor/share/gz:/opt/ros/jazzy/opt/gz_transport_vendor/share/gz:/opt/ros/jazzy/opt/gz_rendering_vendor/share/gz:/opt/ros/jazzy/opt/gz_plugin_vendor/share/gz:/opt/ros/jazzy/opt/gz_fuel_tools_vendor/share/gz:/opt/ros/jazzy/opt/gz_msgs_vendor/share/gz:/opt/ros/jazzy/opt/gz_common_vendor/share/gz', 'HOSTNAME': 'b80f37d239a7', 'SHLVL': '1', 'LD_LIBRARY_PATH': '/opt/ros/jazzy/opt/gz_sim_vendor/lib:/opt/ros/jazzy/opt/gz_sensors_vendor/lib:/opt/ros/jazzy/opt/gz_physics_vendor/lib:/opt/ros/jazzy/opt/sdformat_vendor/lib:/opt/ros/jazzy/opt/rviz_ogre_vendor/lib:/opt/ros/jazzy/lib/x86_64-linux-gnu:/opt/ros/jazzy/opt/gz_gui_vendor/lib:/opt/ros/jazzy/opt/gz_transport_vendor/lib:/opt/ros/jazzy/opt/gz_rendering_vendor/lib:/opt/ros/jazzy/opt/gz_plugin_vendor/lib:/opt/ros/jazzy/opt/gz_fuel_tools_vendor/lib:/opt/ros/jazzy/opt/gz_msgs_vendor/lib:/opt/ros/jazzy/opt/gz_common_vendor/lib:/opt/ros/jazzy/opt/gz_math_vendor/lib:/opt/ros/jazzy/opt/gz_utils_vendor/lib:/opt/ros/jazzy/opt/gz_tools_vendor/lib:/opt/ros/jazzy/opt/gz_ogre_next_vendor/lib:/opt/ros/jazzy/opt/gz_dartsim_vendor/lib:/opt/ros/jazzy/opt/gz_cmake_vendor/lib:/opt/ros/jazzy/lib', 'HOME': '/root', 'OLDPWD': '/ws', 'ROS_PYTHON_VERSION': '3', 'ROS_DISTRO': 'jazzy', '_': '/usr/bin/colcon', 'ROS_VERSION': '2', 'PATH': '/opt/ros/jazzy/opt/gz_msgs_vendor/bin:/opt/ros/jazzy/opt/gz_tools_vendor/bin:/opt/ros/jazzy/opt/gz_ogre_next_vendor/bin:/opt/ros/jazzy/bin:/usr/local/sbin:/usr/local/bin:/usr/sbin:/usr/bin:/sbin:/bin', 'LANG': 'C.UTF-8', 'AMENT_PREFIX_PATH': '/opt/ros/jazzy', 'ROS_AUTOMATIC_DISCOVERY_RANGE': 'SUBNET', 'PWD': '/root/project/build/fetch_7dof_description', 'LC_ALL': 'C.UTF-8', 'PYTHONPATH': '/opt/ros/jazzy/lib/python3.12/site-packages', 'COLCON': '1', 'CMAKE_PREFIX_PATH': '/opt/ros/jazzy/opt/gz_sim_vendor:/opt/ros/jazzy/opt/gz_sensors_vendor:/opt/ros/jazzy/opt/gz_physics_vendor:/opt/ros/jazzy/opt/sdformat_vendor:/opt/ros/jazzy/opt/gz_gui_vendor:/opt/ros/jazzy/opt/gz_transport_vendor:/opt/ros/jazzy/opt/gz_rendering_vendor:/opt/ros/jazzy/opt/gz_plugin_vendor:/opt/ros/jazzy/opt/gz_fuel_tools_vendor:/opt/ros/jazzy/opt/gz_msgs_vendor:/opt/ros/jazzy/opt/gz_common_vendor:/opt/ros/jazzy/opt/gz_math_vendor:/opt/ros/jazzy/opt/gz_utils_vendor:/opt/ros/jazzy/opt/gz_tools_vendor:/opt/ros/jazzy/opt/gz_ogre_next_vendor:/opt/ros/jazzy/opt/gz_dartsim_vendor:/opt/ros/jazzy/opt/gz_cmake_vendor:/opt/ros/jazzy'}), 'shell': False}
[0.254252] (fetch_7dof_description) StdoutLine: {'line': b'-- Install configuration: ""\n'}
[0.256607] (fetch_7dof_description) StdoutLine: {'line': b'-- Up-to-date: /root/project/install/fetch_7dof_description/share/fetch_7dof_description/urdf\n'}
[0.257011] (fetch_7dof_description) StdoutLine: {'line': b'-- Installing: /root/project/install/fetch_7dof_description/share/fetch_7dof_description/urdf/fetch_7dof.urdf\n'}
[0.257304] (fetch_7dof_description) StdoutLine: {'line': b'-- Up-to-date: /root/project/install/fetch_7dof_description/share/fetch_7dof_description/config\n'}
[0.257575] (fetch_7dof_description) StdoutLine: {'line': b'-- Up-to-date: /root/project/install/fetch_7dof_description/share/fetch_7dof_description/config/ros2_control.yaml\n'}
[0.257850] (fetch_7dof_description) StdoutLine: {'line': b'-- Up-to-date: /root/project/install/fetch_7dof_description/share/fetch_7dof_description/launch\n'}
[0.259219] (fetch_7dof_description) StdoutLine: {'line': b'-- Up-to-date: /root/project/install/fetch_7dof_description/share/fetch_7dof_description/launch/__pycache__\n'}
[0.259505] (fetch_7dof_description) StdoutLine: {'line': b'-- Up-to-date: /root/project/install/fetch_7dof_description/share/fetch_7dof_description/launch/__pycache__/fetch_7dof_gazebo.launch.cpython-313.pyc\n'}
[0.259780] (fetch_7dof_description) StdoutLine: {'line': b'-- Up-to-date: /root/project/install/fetch_7dof_description/share/fetch_7dof_description/launch/fetch_7dof_gazebo.launch.py\n'}
[0.260066] (fetch_7dof_description) StdoutLine: {'line': b'-- Up-to-date: /root/project/install/fetch_7dof_description/share/fetch_7dof_description/worlds\n'}
[0.260321] (fetch_7dof_description) StdoutLine: {'line': b'-- Up-to-date: /root/project/install/fetch_7dof_description/share/fetch_7dof_description/worlds/fetch_table.world\n'}
[0.260600] (fetch_7dof_description) StdoutLine: {'line': b'-- Up-to-date: /root/project/install/fetch_7dof_description/share/fetch_7dof_description/meshes\n'}
[0.260848] (fetch_7dof_description) StdoutLine: {'line': b'-- Up-to-date: /root/project/install/fetch_7dof_description/share/fetch_7dof_description/meshes/wrist_flex_link_collision.STL\n'}
[0.262557] (fetch_7dof_description) StdoutLine: {'line': b'-- Up-to-date: /root/project/install/fetch_7dof_description/share/fetch_7dof_description/meshes/wrist_roll_link_collision.STL\n'}
[0.262826] (fetch_7dof_description) StdoutLine: {'line': b'-- Up-to-date: /root/project/install/fetch_7dof_description/share/fetch_7dof_description/meshes/r_gripper_finger_link.STL\n'}
[0.264256] (fetch_7dof_description) StdoutLine: {'line': b'-- Up-to-date: /root/project/install/fetch_7dof_description/share/fetch_7dof_description/meshes/torso_lift_link.dae\n'}
[0.264552] (fetch_7dof_description) StdoutLine: {'line': b'-- Up-to-date: /root/project/install/fetch_7dof_description/share/fetch_7dof_description/meshes/gripper_link.dae\n'}
[0.264814] (fetch_7dof_description) StdoutLine: {'line': b'-- Up-to-date: /root/project/install/fetch_7dof_description/share/fetch_7dof_description/meshes/shoulder_pan_link_collision.STL\n'}
[0.266219] (fetch_7dof_description) StdoutLine: {'line': b'-- Up-to-date: /root/project/install/fetch_7dof_description/share/fetch_7dof_description/meshes/forearm_roll_link.dae\n'}
[0.266516] (fetch_7dof_description) StdoutLine: {'line': b'-- Up-to-date: /root/project/install/fetch_7dof_description/share/fetch_7dof_description/meshes/wrist_roll_link.dae\n'}
[0.266778] (fetch_7dof_description) StdoutLine: {'line': b'-- Up-to-date: /root/project/install/fetch_7dof_description/share/fetch_7dof_description/meshes/elbow_flex_link_collision.STL\n'}
[0.267079] (fetch_7dof_description) StdoutLine: {'line': b'-- Up-to-date: /root/project/install/fetch_7dof_description/share/fetch_7dof_description/meshes/elbow_flex_link.dae\n'}
[0.267341] (fetch_7dof_description) StdoutLine: {'line': b'-- Up-to-date: /root/project/install/fetch_7dof_description/share/fetch_7dof_description/meshes/torso_lift_link_collision.STL\n'}
[0.267596] (fetch_7dof_description) StdoutLine: {'line': b'-- Up-to-date: /root/project/install/fetch_7dof_description/share/fetch_7dof_description/meshes/shoulder_pan_link.dae\n'}
[0.269943] (fetch_7dof_description) StdoutLine: {'line': b'-- Up-to-date: /root/project/install/fetch_7dof_description/share/fetch_7dof_description/meshes/l_gripper_finger_link.STL\n'}
[0.270247] (fetch_7dof_description) StdoutLine: {'line': b'-- Up-to-date: /root/project/install/fetch_7dof_description/share/fetch_7dof_description/meshes/wrist_flex_link.dae\n'}
[0.270499] (fetch_7dof_description) StdoutLine: {'line': b'-- Up-to-date: /root/project/install/fetch_7dof_description/share/fetch_7dof_description/meshes/shoulder_lift_link.dae\n'}
[0.270744] (fetch_7dof_description) StdoutLine: {'line': b'-- Up-to-date: /root/project/install/fetch_7dof_description/share/fetch_7dof_description/meshes/forearm_roll_link_collision.STL\n'}
[0.271010] (fetch_7dof_description) StdoutLine: {'line': b'-- Up-to-date: /root/project/install/fetch_7dof_description/share/fetch_7dof_description/meshes/upperarm_roll_link.dae\n'}
[0.271286] (fetch_7dof_description) StdoutLine: {'line': b'-- Up-to-date: /root/project/install/fetch_7dof_description/share/fetch_7dof_description/meshes/upperarm_roll_link_collision.STL\n'}
[0.271534] (fetch_7dof_description) StdoutLine: {'line': b'-- Up-to-date: /root/project/install/fetch_7dof_description/share/fetch_7dof_description/meshes/base_link.dae\n'}
[0.271775] (fetch_7dof_description) StdoutLine: {'line': b'-- Up-to-date: /root/project/install/fetch_7dof_description/share/fetch_7dof_description/meshes/base_link_collision.STL\n'}
[0.276832] (fetch_7dof_description) StdoutLine: {'line': b'-- Up-to-date: /root/project/install/fetch_7dof_description/share/fetch_7dof_description/meshes/gripper_link.STL\n'}
[0.277195] (fetch_7dof_description) StdoutLine: {'line': b'-- Up-to-date: /root/project/install/fetch_7dof_description/share/fetch_7dof_description/meshes/shoulder_lift_link_collision.STL\n'}
[0.277479] (fetch_7dof_description) StdoutLine: {'line': b'-- Up-to-date: /root/project/install/fetch_7dof_description/share/ament_index/resource_index/package_run_dependencies/fetch_7dof_description\n'}
[0.277729] (fetch_7dof_description) StdoutLine: {'line': b'-- Up-to-date: /root/project/install/fetch_7dof_description/share/ament_index/resource_index/parent_prefix_path/fetch_7dof_description\n'}
[0.279840] (fetch_7dof_description) StdoutLine: {'line': b'-- Up-to-date: /root/project/install/fetch_7dof_description/share/fetch_7dof_description/environment/ament_prefix_path.sh\n'}
[0.280193] (fetch_7dof_description) StdoutLine: {'line': b'-- Up-to-date: /root/project/install/fetch_7dof_description/share/fetch_7dof_description/environment/ament_prefix_path.dsv\n'}
[0.280446] (fetch_7dof_description) StdoutLine: {'line': b'-- Up-to-date: /root/project/install/fetch_7dof_description/share/fetch_7dof_description/environment/path.sh\n'}
[0.280695] (fetch_7dof_description) StdoutLine: {'line': b'-- Up-to-date: /root/project/install/fetch_7dof_description/share/fetch_7dof_description/environment/path.dsv\n'}
[0.281622] (fetch_7dof_description) StdoutLine: {'line': b'-- Up-to-date: /root/project/install/fetch_7dof_description/share/fetch_7dof_description/local_setup.bash\n'}
[0.282792] (fetch_7dof_description) StdoutLine: {'line': b'-- Up-to-date: /root/project/install/fetch_7dof_description/share/fetch_7dof_description/local_setup.sh\n'}
[0.283146] (fetch_7dof_description) StdoutLine: {'line': b'-- Up-to-date: /root/project/install/fetch_7dof_description/share/fetch_7dof_description/local_setup.zsh\n'}
[0.283397] (fetch_7dof_description) StdoutLine: {'line': b'-- Up-to-date: /root/project/install/fetch_7dof_description/share/fetch_7dof_description/local_setup.dsv\n'}
[0.283643] (fetch_7dof_description) StdoutLine: {'line': b'-- Installing: /root/project/install/fetch_7dof_description/share/fetch_7dof_description/package.dsv\n'}
[0.283929] (fetch_7dof_description) StdoutLine: {'line': b'-- Up-to-date: /root/project/install/fetch_7dof_description/share/ament_index/resource_index/packages/fetch_7dof_description\n'}
[0.285551] (fetch_7dof_description) StdoutLine: {'line': b'-- Up-to-date: /root/project/install/fetch_7dof_description/share/fetch_7dof_description/cmake/fetch_7dof_descriptionConfig.cmake\n'}
[0.285812] (fetch_7dof_description) StdoutLine: {'line': b'-- Up-to-date: /root/project/install/fetch_7dof_description/share/fetch_7dof_description/cmake/fetch_7dof_descriptionConfig-version.cmake\n'}
[0.287205] (fetch_7dof_description) StdoutLine: {'line': b'-- Up-to-date: /root/project/install/fetch_7dof_description/share/fetch_7dof_description/package.xml\n'}
[0.287515] (fetch_7dof_description) CommandEnded: {'returncode': 0}
[0.296644] (-) TimerEvent: {}
[0.344808] (fetch_7dof_description) JobEnded: {'identifier': 'fetch_7dof_description', 'rc': 0}
[0.346938] (-) EventReactorShutdown: {}
