-- The CXX compiler identification is GNU 13.3.0
-- Detecting CXX compiler ABI info
-- Detecting CXX compiler ABI info - done
-- Check for working CXX compiler: /usr/bin/c++ - skipped
-- Detecting CXX compile features
-- Detecting CXX compile features - done
-- Found ament_cmake: 2.5.6 (/opt/ros/jazzy/share/ament_cmake/cmake)
-- Found Python3: /usr/bin/python3 (found version "3.12.3") found components: Interpreter 
-- Configuring done (1.3s)
-- Generating done (0.0s)
-- Build files have been written to: /root/project/build/fetch_7dof_description
-- Install configuration: ""
-- Installing: /root/project/install/fetch_7dof_description/share/fetch_7dof_description/urdf
-- Installing: /root/project/install/fetch_7dof_description/share/fetch_7dof_description/urdf/fetch_7dof.urdf
-- Installing: /root/project/install/fetch_7dof_description/share/fetch_7dof_description/config
-- Installing: /root/project/install/fetch_7dof_description/share/fetch_7dof_description/config/ros2_control.yaml
-- Installing: /root/project/install/fetch_7dof_description/share/fetch_7dof_description/launch
-- Installing: /root/project/install/fetch_7dof_description/share/fetch_7dof_description/launch/__pycache__
-- Installing: /root/project/install/fetch_7dof_description/share/fetch_7dof_description/launch/__pycache__/fetch_7dof_gazebo.launch.cpython-313.pyc
-- Installing: /root/project/install/fetch_7dof_description/share/fetch_7dof_description/launch/fetch_7dof_gazebo.launch.py
-- Installing: /root/project/install/fetch_7dof_description/share/fetch_7dof_description/worlds
-- Installing: /root/project/install/fetch_7dof_description/share/fetch_7dof_description/worlds/fetch_table.world
-- Installing: /root/project/install/fetch_7dof_description/share/fetch_7dof_description/meshes
-- Installing: /root/project/install/fetch_7dof_description/share/fetch_7dof_description/meshes/wrist_flex_link_collision.STL
-- Installing: /root/project/install/fetch_7dof_description/share/fetch_7dof_description/meshes/wrist_roll_link_collision.STL
-- Installing: /root/project/install/fetch_7dof_description/share/fetch_7dof_description/meshes/r_gripper_finger_link.STL
-- Installing: /root/project/install/fetch_7dof_description/share/fetch_7dof_description/meshes/torso_lift_link.dae
-- Installing: /root/project/install/fetch_7dof_description/share/fetch_7dof_description/meshes/gripper_link.dae
-- Installing: /root/project/install/fetch_7dof_description/share/fetch_7dof_description/meshes/shoulder_pan_link_collision.STL
-- Installing: /root/project/install/fetch_7dof_description/share/fetch_7dof_description/meshes/forearm_roll_link.dae
-- Installing: /root/project/install/fetch_7dof_description/share/fetch_7dof_description/meshes/wrist_roll_link.dae
-- Installing: /root/project/install/fetch_7dof_description/share/fetch_7dof_description/meshes/elbow_flex_link_collision.STL
-- Installing: /root/project/install/fetch_7dof_description/share/fetch_7dof_description/meshes/elbow_flex_link.dae
-- Installing: /root/project/install/fetch_7dof_description/share/fetch_7dof_description/meshes/torso_lift_link_collision.STL
-- Installing: /root/project/install/fetch_7dof_description/share/fetch_7dof_description/meshes/shoulder_pan_link.dae
-- Installing: /root/project/install/fetch_7dof_description/share/fetch_7dof_description/meshes/l_gripper_finger_link.STL
-- Installing: /root/project/install/fetch_7dof_description/share/fetch_7dof_description/meshes/wrist_flex_link.dae
-- Installing: /root/project/install/fetch_7dof_description/share/fetch_7dof_description/meshes/shoulder_lift_link.dae
-- Installing: /root/project/install/fetch_7dof_description/share/fetch_7dof_description/meshes/forearm_roll_link_collision.STL
-- Installing: /root/project/install/fetch_7dof_description/share/fetch_7dof_description/meshes/upperarm_roll_link.dae
-- Installing: /root/project/install/fetch_7dof_description/share/fetch_7dof_description/meshes/upperarm_roll_link_collision.STL
-- Installing: /root/project/install/fetch_7dof_description/share/fetch_7dof_description/meshes/base_link.dae
-- Installing: /root/project/install/fetch_7dof_description/share/fetch_7dof_description/meshes/base_link_collision.STL
-- Installing: /root/project/install/fetch_7dof_description/share/fetch_7dof_description/meshes/gripper_link.STL
-- Installing: /root/project/install/fetch_7dof_description/share/fetch_7dof_description/meshes/shoulder_lift_link_collision.STL
-- Installing: /root/project/install/fetch_7dof_description/share/ament_index/resource_index/package_run_dependencies/fetch_7dof_description
-- Installing: /root/project/install/fetch_7dof_description/share/ament_index/resource_index/parent_prefix_path/fetch_7dof_description
-- Installing: /root/project/install/fetch_7dof_description/share/fetch_7dof_description/environment/ament_prefix_path.sh
-- Installing: /root/project/install/fetch_7dof_description/share/fetch_7dof_description/environment/ament_prefix_path.dsv
-- Installing: /root/project/install/fetch_7dof_description/share/fetch_7dof_description/environment/path.sh
-- Installing: /root/project/install/fetch_7dof_description/share/fetch_7dof_description/environment/path.dsv
-- Installing: /root/project/install/fetch_7dof_description/share/fetch_7dof_description/local_setup.bash
-- Installing: /root/project/install/fetch_7dof_description/share/fetch_7dof_description/local_setup.sh
-- Installing: /root/project/install/fetch_7dof_description/share/fetch_7dof_description/local_setup.zsh
-- Installing: /root/project/install/fetch_7dof_description/share/fetch_7dof_description/local_setup.dsv
-- Installing: /root/project/install/fetch_7dof_description/share/fetch_7dof_description/package.dsv
-- Installing: /root/project/install/fetch_7dof_description/share/ament_index/resource_index/packages/fetch_7dof_description
-- Installing: /root/project/install/fetch_7dof_description/share/fetch_7dof_description/cmake/fetch_7dof_descriptionConfig.cmake
-- Installing: /root/project/install/fetch_7dof_description/share/fetch_7dof_description/cmake/fetch_7dof_descriptionConfig-version.cmake
-- Installing: /root/project/install/fetch_7dof_description/share/fetch_7dof_description/package.xml
