[0.022s] Invoking command in '/root/project/build/fetch_7dof_description': CMAKE_PREFIX_PATH=${CMAKE_PREFIX_PATH}:/opt/ros/jazzy /usr/bin/cmake /root/project/fetch_7dof_description -DCMAKE_INSTALL_PREFIX=/root/project/install/fetch_7dof_description
[0.253s] -- The CXX compiler identification is GNU 13.3.0
[0.305s] -- Detecting CXX compiler ABI info
[0.504s] -- Detecting CXX compiler ABI info - done
[0.533s] -- Check for working CXX compiler: /usr/bin/c++ - skipped
[0.535s] -- Detecting CXX compile features
[0.536s] -- Detecting CXX compile features - done
[0.554s] -- Found ament_cmake: 2.5.6 (/opt/ros/jazzy/share/ament_cmake/cmake)
[0.909s] -- Found Python3: /usr/bin/python3 (found version "3.12.3") found components: Interpreter 
[1.328s] -- Configuring done (1.3s)
[1.333s] -- Generating done (0.0s)
[1.338s] -- Build files have been written to: /root/project/build/fetch_7dof_description
[1.346s] Invoked command in '/root/project/build/fetch_7dof_description' returned '0': CMAKE_PREFIX_PATH=${CMAKE_PREFIX_PATH}:/opt/ros/jazzy /usr/bin/cmake /root/project/fetch_7dof_description -DCMAKE_INSTALL_PREFIX=/root/project/install/fetch_7dof_description
[1.347s] Invoking command in '/root/project/build/fetch_7dof_description': CMAKE_PREFIX_PATH=${CMAKE_PREFIX_PATH}:/opt/ros/jazzy /usr/bin/cmake --build /root/project/build/fetch_7dof_description -- -j8 -l8
[1.420s] Invoked command in '/root/project/build/fetch_7dof_description' returned '0': CMAKE_PREFIX_PATH=${CMAKE_PREFIX_PATH}:/opt/ros/jazzy /usr/bin/cmake --build /root/project/build/fetch_7dof_description -- -j8 -l8
[1.433s] Invoking command in '/root/project/build/fetch_7dof_description': CMAKE_PREFIX_PATH=${CMAKE_PREFIX_PATH}:/opt/ros/jazzy /usr/bin/cmake --install /root/project/build/fetch_7dof_description
[1.447s] -- Install configuration: ""
[1.447s] -- Installing: /root/project/install/fetch_7dof_description/share/fetch_7dof_description/urdf
[1.448s] -- Installing: /root/project/install/fetch_7dof_description/share/fetch_7dof_description/urdf/fetch_7dof.urdf
[1.448s] -- Installing: /root/project/install/fetch_7dof_description/share/fetch_7dof_description/config
[1.448s] -- Installing: /root/project/install/fetch_7dof_description/share/fetch_7dof_description/config/ros2_control.yaml
[1.448s] -- Installing: /root/project/install/fetch_7dof_description/share/fetch_7dof_description/launch
[1.449s] -- Installing: /root/project/install/fetch_7dof_description/share/fetch_7dof_description/launch/__pycache__
[1.449s] -- Installing: /root/project/install/fetch_7dof_description/share/fetch_7dof_description/launch/__pycache__/fetch_7dof_gazebo.launch.cpython-313.pyc
[1.449s] -- Installing: /root/project/install/fetch_7dof_description/share/fetch_7dof_description/launch/fetch_7dof_gazebo.launch.py
[1.449s] -- Installing: /root/project/install/fetch_7dof_description/share/fetch_7dof_description/worlds
[1.449s] -- Installing: /root/project/install/fetch_7dof_description/share/fetch_7dof_description/worlds/fetch_table.world
[1.450s] -- Installing: /root/project/install/fetch_7dof_description/share/fetch_7dof_description/meshes
[1.450s] -- Installing: /root/project/install/fetch_7dof_description/share/fetch_7dof_description/meshes/wrist_flex_link_collision.STL
[1.450s] -- Installing: /root/project/install/fetch_7dof_description/share/fetch_7dof_description/meshes/wrist_roll_link_collision.STL
[1.451s] -- Installing: /root/project/install/fetch_7dof_description/share/fetch_7dof_description/meshes/r_gripper_finger_link.STL
[1.451s] -- Installing: /root/project/install/fetch_7dof_description/share/fetch_7dof_description/meshes/torso_lift_link.dae
[1.457s] -- Installing: /root/project/install/fetch_7dof_description/share/fetch_7dof_description/meshes/gripper_link.dae
[1.459s] -- Installing: /root/project/install/fetch_7dof_description/share/fetch_7dof_description/meshes/shoulder_pan_link_collision.STL
[1.460s] -- Installing: /root/project/install/fetch_7dof_description/share/fetch_7dof_description/meshes/forearm_roll_link.dae
[1.461s] -- Installing: /root/project/install/fetch_7dof_description/share/fetch_7dof_description/meshes/wrist_roll_link.dae
[1.462s] -- Installing: /root/project/install/fetch_7dof_description/share/fetch_7dof_description/meshes/elbow_flex_link_collision.STL
[1.463s] -- Installing: /root/project/install/fetch_7dof_description/share/fetch_7dof_description/meshes/elbow_flex_link.dae
[1.464s] -- Installing: /root/project/install/fetch_7dof_description/share/fetch_7dof_description/meshes/torso_lift_link_collision.STL
[1.465s] -- Installing: /root/project/install/fetch_7dof_description/share/fetch_7dof_description/meshes/shoulder_pan_link.dae
[1.469s] -- Installing: /root/project/install/fetch_7dof_description/share/fetch_7dof_description/meshes/l_gripper_finger_link.STL
[1.469s] -- Installing: /root/project/install/fetch_7dof_description/share/fetch_7dof_description/meshes/wrist_flex_link.dae
[1.470s] -- Installing: /root/project/install/fetch_7dof_description/share/fetch_7dof_description/meshes/shoulder_lift_link.dae
[1.474s] -- Installing: /root/project/install/fetch_7dof_description/share/fetch_7dof_description/meshes/forearm_roll_link_collision.STL
[1.474s] -- Installing: /root/project/install/fetch_7dof_description/share/fetch_7dof_description/meshes/upperarm_roll_link.dae
[1.476s] -- Installing: /root/project/install/fetch_7dof_description/share/fetch_7dof_description/meshes/upperarm_roll_link_collision.STL
[1.477s] -- Installing: /root/project/install/fetch_7dof_description/share/fetch_7dof_description/meshes/base_link.dae
[1.486s] -- Installing: /root/project/install/fetch_7dof_description/share/fetch_7dof_description/meshes/base_link_collision.STL
[1.486s] -- Installing: /root/project/install/fetch_7dof_description/share/fetch_7dof_description/meshes/gripper_link.STL
[1.487s] -- Installing: /root/project/install/fetch_7dof_description/share/fetch_7dof_description/meshes/shoulder_lift_link_collision.STL
[1.491s] -- Installing: /root/project/install/fetch_7dof_description/share/ament_index/resource_index/package_run_dependencies/fetch_7dof_description
[1.491s] -- Installing: /root/project/install/fetch_7dof_description/share/ament_index/resource_index/parent_prefix_path/fetch_7dof_description
[1.494s] -- Installing: /root/project/install/fetch_7dof_description/share/fetch_7dof_description/environment/ament_prefix_path.sh
[1.495s] -- Installing: /root/project/install/fetch_7dof_description/share/fetch_7dof_description/environment/ament_prefix_path.dsv
[1.495s] -- Installing: /root/project/install/fetch_7dof_description/share/fetch_7dof_description/environment/path.sh
[1.496s] -- Installing: /root/project/install/fetch_7dof_description/share/fetch_7dof_description/environment/path.dsv
[1.496s] -- Installing: /root/project/install/fetch_7dof_description/share/fetch_7dof_description/local_setup.bash
[1.496s] -- Installing: /root/project/install/fetch_7dof_description/share/fetch_7dof_description/local_setup.sh
[1.496s] -- Installing: /root/project/install/fetch_7dof_description/share/fetch_7dof_description/local_setup.zsh
[1.496s] -- Installing: /root/project/install/fetch_7dof_description/share/fetch_7dof_description/local_setup.dsv
[1.497s] -- Installing: /root/project/install/fetch_7dof_description/share/fetch_7dof_description/package.dsv
[1.497s] -- Installing: /root/project/install/fetch_7dof_description/share/ament_index/resource_index/packages/fetch_7dof_description
[1.497s] -- Installing: /root/project/install/fetch_7dof_description/share/fetch_7dof_description/cmake/fetch_7dof_descriptionConfig.cmake
[1.497s] -- Installing: /root/project/install/fetch_7dof_description/share/fetch_7dof_description/cmake/fetch_7dof_descriptionConfig-version.cmake
[1.497s] -- Installing: /root/project/install/fetch_7dof_description/share/fetch_7dof_description/package.xml
[1.497s] Invoked command in '/root/project/build/fetch_7dof_description' returned '0': CMAKE_PREFIX_PATH=${CMAKE_PREFIX_PATH}:/opt/ros/jazzy /usr/bin/cmake --install /root/project/build/fetch_7dof_description
