[0.000000] (-) TimerEvent: {}
[0.000385] (fetch_7dof_description) JobQueued: {'identifier': 'fetch_7dof_description', 'dependencies': OrderedDict()}
[0.001466] (fetch_7dof_description) JobStarted: {'identifier': 'fetch_7dof_description'}
[0.026493] (fetch_7dof_description) JobProgress: {'identifier': 'fetch_7dof_description', 'progress': 'cmake'}
[0.027709] (fetch_7dof_description) JobProgress: {'identifier': 'fetch_7dof_description', 'progress': 'build'}
[0.028779] (fetch_7dof_description) Command: {'cmd': ['/usr/bin/cmake', '--build', '/root/project/build/fetch_7dof_description', '--', '-j8', '-l8'], 'cwd': '/root/project/build/fetch_7dof_description', 'env': OrderedDict({'GZ_SIM_SYSTEM_PLUGIN_PATH': '/opt/ros/jazzy/lib', 'GZ_SIM_RESOURCE_PATH': '/opt/ros/jazzy/share', 'GZ_CONFIG_PATH': '/opt/ros/jazzy/opt/gz_sim_vendor/share/gz:/opt/ros/jazzy/opt/sdformat_vendor/share/gz:/opt/ros/jazzy/opt/gz_gui_vendor/share/gz:/opt/ros/jazzy/opt/gz_transport_vendor/share/gz:/opt/ros/jazzy/opt/gz_rendering_vendor/share/gz:/opt/ros/jazzy/opt/gz_plugin_vendor/share/gz:/opt/ros/jazzy/opt/gz_fuel_tools_vendor/share/gz:/opt/ros/jazzy/opt/gz_msgs_vendor/share/gz:/opt/ros/jazzy/opt/gz_common_vendor/share/gz', 'HOSTNAME': '156857ec26bf', 'SHLVL': '1', 'LD_LIBRARY_PATH': '/opt/ros/jazzy/opt/gz_sim_vendor/lib:/opt/ros/jazzy/opt/gz_sensors_vendor/lib:/opt/ros/jazzy/opt/gz_physics_vendor/lib:/opt/ros/jazzy/opt/sdformat_vendor/lib:/opt/ros/jazzy/opt/rviz_ogre_vendor/lib:/opt/ros/jazzy/lib/x86_64-linux-gnu:/opt/ros/jazzy/opt/gz_gui_vendor/lib:/opt/ros/jazzy/opt/gz_transport_vendor/lib:/opt/ros/jazzy/opt/gz_rendering_vendor/lib:/opt/ros/jazzy/opt/gz_plugin_vendor/lib:/opt/ros/jazzy/opt/gz_fuel_tools_vendor/lib:/opt/ros/jazzy/opt/gz_msgs_vendor/lib:/opt/ros/jazzy/opt/gz_common_vendor/lib:/opt/ros/jazzy/opt/gz_math_vendor/lib:/opt/ros/jazzy/opt/gz_utils_vendor/lib:/opt/ros/jazzy/opt/gz_tools_vendor/lib:/opt/ros/jazzy/opt/gz_ogre_next_vendor/lib:/opt/ros/jazzy/opt/gz_dartsim_vendor/lib:/opt/ros/jazzy/opt/gz_cmake_vendor/lib:/opt/ros/jazzy/lib', 'HOME': '/root', 'OLDPWD': '/ws', 'ROS_PYTHON_VERSION': '3', 'ROS_DISTRO': 'jazzy', '_': '/usr/bin/colcon', 'ROS_VERSION': '2', 'PATH': '/opt/ros/jazzy/opt/gz_msgs_vendor/bin:/opt/ros/jazzy/opt/gz_tools_vendor/bin:/opt/ros/jazzy/opt/gz_ogre_next_vendor/bin:/opt/ros/jazzy/bin:/usr/local/sbin:/usr/local/bin:/usr/sbin:/usr/bin:/sbin:/bin', 'LANG': 'C.UTF-8', 'AMENT_PREFIX_PATH': '/opt/ros/jazzy', 'ROS_AUTOMATIC_DISCOVERY_RANGE': 'SUBNET', 'PWD': '/root/project/build/fetch_7dof_description', 'LC_ALL': 'C.UTF-8', 'PYTHONPATH': '/opt/ros/jazzy/lib/python3.12/site-packages', 'COLCON': '1', 'CMAKE_PREFIX_PATH': '/opt/ros/jazzy/opt/gz_sim_vendor:/opt/ros/jazzy/opt/gz_sensors_vendor:/opt/ros/jazzy/opt/gz_physics_vendor:/opt/ros/jazzy/opt/sdformat_vendor:/opt/ros/jazzy/opt/gz_gui_vendor:/opt/ros/jazzy/opt/gz_transport_vendor:/opt/ros/jazzy/opt/gz_rendering_vendor:/opt/ros/jazzy/opt/gz_plugin_vendor:/opt/ros/jazzy/opt/gz_fuel_tools_vendor:/opt/ros/jazzy/opt/gz_msgs_vendor:/opt/ros/jazzy/opt/gz_common_vendor:/opt/ros/jazzy/opt/gz_math_vendor:/opt/ros/jazzy/opt/gz_utils_vendor:/opt/ros/jazzy/opt/gz_tools_vendor:/opt/ros/jazzy/opt/gz_ogre_next_vendor:/opt/ros/jazzy/opt/gz_dartsim_vendor:/opt/ros/jazzy/opt/gz_cmake_vendor:/opt/ros/jazzy'}), 'shell': False}
[0.099898] (-) TimerEvent: {}
[0.182830] (fetch_7dof_description) CommandEnded: {'returncode': 0}
[0.183820] (fetch_7dof_description) JobProgress: {'identifier': 'fetch_7dof_description', 'progress': 'install'}
[0.200003] (-) TimerEvent: {}
[0.201608] (fetch_7dof_description) Command: {'cmd': ['/usr/bin/cmake', '--install', '/root/project/build/fetch_7dof_description'], 'cwd': '/root/project/build/fetch_7dof_description', 'env': OrderedDict({'GZ_SIM_SYSTEM_PLUGIN_PATH': '/opt/ros/jazzy/lib', 'GZ_SIM_RESOURCE_PATH': '/opt/ros/jazzy/share', 'GZ_CONFIG_PATH': '/opt/ros/jazzy/opt/gz_sim_vendor/share/gz:/opt/ros/jazzy/opt/sdformat_vendor/share/gz:/opt/ros/jazzy/opt/gz_gui_vendor/share/gz:/opt/ros/jazzy/opt/gz_transport_vendor/share/gz:/opt/ros/jazzy/opt/gz_rendering_vendor/share/gz:/opt/ros/jazzy/opt/gz_plugin_vendor/share/gz:/opt/ros/jazzy/opt/gz_fuel_tools_vendor/share/gz:/opt/ros/jazzy/opt/gz_msgs_vendor/share/gz:/opt/ros/jazzy/opt/gz_common_vendor/share/gz', 'HOSTNAME': '156857ec26bf', 'SHLVL': '1', 'LD_LIBRARY_PATH': '/opt/ros/jazzy/opt/gz_sim_vendor/lib:/opt/ros/jazzy/opt/gz_sensors_vendor/lib:/opt/ros/jazzy/opt/gz_physics_vendor/lib:/opt/ros/jazzy/opt/sdformat_vendor/lib:/opt/ros/jazzy/opt/rviz_ogre_vendor/lib:/opt/ros/jazzy/lib/x86_64-linux-gnu:/opt/ros/jazzy/opt/gz_gui_vendor/lib:/opt/ros/jazzy/opt/gz_transport_vendor/lib:/opt/ros/jazzy/opt/gz_rendering_vendor/lib:/opt/ros/jazzy/opt/gz_plugin_vendor/lib:/opt/ros/jazzy/opt/gz_fuel_tools_vendor/lib:/opt/ros/jazzy/opt/gz_msgs_vendor/lib:/opt/ros/jazzy/opt/gz_common_vendor/lib:/opt/ros/jazzy/opt/gz_math_vendor/lib:/opt/ros/jazzy/opt/gz_utils_vendor/lib:/opt/ros/jazzy/opt/gz_tools_vendor/lib:/opt/ros/jazzy/opt/gz_ogre_next_vendor/lib:/opt/ros/jazzy/opt/gz_dartsim_vendor/lib:/opt/ros/jazzy/opt/gz_cmake_vendor/lib:/opt/ros/jazzy/lib', 'HOME': '/root', 'OLDPWD': '/ws', 'ROS_PYTHON_VERSION': '3', 'ROS_DISTRO': 'jazzy', '_': '/usr/bin/colcon', 'ROS_VERSION': '2', 'PATH': '/opt/ros/jazzy/opt/gz_msgs_vendor/bin:/opt/ros/jazzy/opt/gz_tools_vendor/bin:/opt/ros/jazzy/opt/gz_ogre_next_vendor/bin:/opt/ros/jazzy/bin:/usr/local/sbin:/usr/local/bin:/usr/sbin:/usr/bin:/sbin:/bin', 'LANG': 'C.UTF-8', 'AMENT_PREFIX_PATH': '/opt/ros/jazzy', 'ROS_AUTOMATIC_DISCOVERY_RANGE': 'SUBNET', 'PWD': '/root/project/build/fetch_7dof_description', 'LC_ALL': 'C.UTF-8', 'PYTHONPATH': '/opt/ros/jazzy/lib/python3.12/site-packages', 'COLCON': '1', 'CMAKE_PREFIX_PATH': '/opt/ros/jazzy/opt/gz_sim_vendor:/opt/ros/jazzy/opt/gz_sensors_vendor:/opt/ros/jazzy/opt/gz_physics_vendor:/opt/ros/jazzy/opt/sdformat_vendor:/opt/ros/jazzy/opt/gz_gui_vendor:/opt/ros/jazzy/opt/gz_transport_vendor:/opt/ros/jazzy/opt/gz_rendering_vendor:/opt/ros/jazzy/opt/gz_plugin_vendor:/opt/ros/jazzy/opt/gz_fuel_tools_vendor:/opt/ros/jazzy/opt/gz_msgs_vendor:/opt/ros/jazzy/opt/gz_common_vendor:/opt/ros/jazzy/opt/gz_math_vendor:/opt/ros/jazzy/opt/gz_utils_vendor:/opt/ros/jazzy/opt/gz_tools_vendor:/opt/ros/jazzy/opt/gz_ogre_next_vendor:/opt/ros/jazzy/opt/gz_dartsim_vendor:/opt/ros/jazzy/opt/gz_cmake_vendor:/opt/ros/jazzy'}), 'shell': False}
[0.224674] (fetch_7dof_description) StdoutLine: {'line': b'-- Install configuration: ""\n'}
[0.225241] (fetch_7dof_description) StdoutLine: {'line': b'-- Up-to-date: /root/project/install/fetch_7dof_description/share/fetch_7dof_description/urdf\n'}
[0.228471] (fetch_7dof_description) StdoutLine: {'line': b'-- Up-to-date: /root/project/install/fetch_7dof_description/share/fetch_7dof_description/urdf/fetch_7dof.urdf\n'}
[0.228776] (fetch_7dof_description) StdoutLine: {'line': b'-- Up-to-date: /root/project/install/fetch_7dof_description/share/fetch_7dof_description/config\n'}
[0.229160] (fetch_7dof_description) StdoutLine: {'line': b'-- Up-to-date: /root/project/install/fetch_7dof_description/share/fetch_7dof_description/config/ros2_control.yaml\n'}
[0.231445] (fetch_7dof_description) StdoutLine: {'line': b'-- Up-to-date: /root/project/install/fetch_7dof_description/share/fetch_7dof_description/launch\n'}
[0.231673] (fetch_7dof_description) StdoutLine: {'line': b'-- Up-to-date: /root/project/install/fetch_7dof_description/share/fetch_7dof_description/launch/__pycache__\n'}
[0.232014] (fetch_7dof_description) StdoutLine: {'line': b'-- Up-to-date: /root/project/install/fetch_7dof_description/share/fetch_7dof_description/launch/__pycache__/fetch_7dof_gazebo.launch.cpython-313.pyc\n'}
[0.232182] (fetch_7dof_description) StdoutLine: {'line': b'-- Installing: /root/project/install/fetch_7dof_description/share/fetch_7dof_description/launch/fetch_7dof_gazebo.launch.py\n'}
[0.232408] (fetch_7dof_description) StdoutLine: {'line': b'-- Up-to-date: /root/project/install/fetch_7dof_description/share/fetch_7dof_description/worlds\n'}
[0.232759] (fetch_7dof_description) StdoutLine: {'line': b'-- Up-to-date: /root/project/install/fetch_7dof_description/share/fetch_7dof_description/worlds/fetch_table.world\n'}
[0.232986] (fetch_7dof_description) StdoutLine: {'line': b'-- Up-to-date: /root/project/install/fetch_7dof_description/share/fetch_7dof_description/meshes\n'}
[0.233282] (fetch_7dof_description) StdoutLine: {'line': b'-- Up-to-date: /root/project/install/fetch_7dof_description/share/fetch_7dof_description/meshes/wrist_flex_link_collision.STL\n'}
[0.233485] (fetch_7dof_description) StdoutLine: {'line': b'-- Up-to-date: /root/project/install/fetch_7dof_description/share/fetch_7dof_description/meshes/wrist_roll_link_collision.STL\n'}
[0.233760] (fetch_7dof_description) StdoutLine: {'line': b'-- Up-to-date: /root/project/install/fetch_7dof_description/share/fetch_7dof_description/meshes/r_gripper_finger_link.STL\n'}
[0.234003] (fetch_7dof_description) StdoutLine: {'line': b'-- Up-to-date: /root/project/install/fetch_7dof_description/share/fetch_7dof_description/meshes/torso_lift_link.dae\n'}
[0.234192] (fetch_7dof_description) StdoutLine: {'line': b'-- Up-to-date: /root/project/install/fetch_7dof_description/share/fetch_7dof_description/meshes/gripper_link.dae\n'}
[0.234467] (fetch_7dof_description) StdoutLine: {'line': b'-- Up-to-date: /root/project/install/fetch_7dof_description/share/fetch_7dof_description/meshes/shoulder_pan_link_collision.STL\n'}
[0.234712] (fetch_7dof_description) StdoutLine: {'line': b'-- Up-to-date: /root/project/install/fetch_7dof_description/share/fetch_7dof_description/meshes/forearm_roll_link.dae\n'}
[0.235297] (fetch_7dof_description) StdoutLine: {'line': b'-- Up-to-date: /root/project/install/fetch_7dof_description/share/fetch_7dof_description/meshes/wrist_roll_link.dae\n'}
[0.235485] (fetch_7dof_description) StdoutLine: {'line': b'-- Up-to-date: /root/project/install/fetch_7dof_description/share/fetch_7dof_description/meshes/elbow_flex_link_collision.STL\n'}
[0.235650] (fetch_7dof_description) StdoutLine: {'line': b'-- Up-to-date: /root/project/install/fetch_7dof_description/share/fetch_7dof_description/meshes/elbow_flex_link.dae\n'}
[0.235985] (fetch_7dof_description) StdoutLine: {'line': b'-- Up-to-date: /root/project/install/fetch_7dof_description/share/fetch_7dof_description/meshes/torso_lift_link_collision.STL\n'}
[0.236139] (fetch_7dof_description) StdoutLine: {'line': b'-- Up-to-date: /root/project/install/fetch_7dof_description/share/fetch_7dof_description/meshes/shoulder_pan_link.dae\n'}
[0.236299] (fetch_7dof_description) StdoutLine: {'line': b'-- Up-to-date: /root/project/install/fetch_7dof_description/share/fetch_7dof_description/meshes/l_gripper_finger_link.STL\n'}
[0.236451] (fetch_7dof_description) StdoutLine: {'line': b'-- Up-to-date: /root/project/install/fetch_7dof_description/share/fetch_7dof_description/meshes/wrist_flex_link.dae\n'}
[0.236655] (fetch_7dof_description) StdoutLine: {'line': b'-- Up-to-date: /root/project/install/fetch_7dof_description/share/fetch_7dof_description/meshes/shoulder_lift_link.dae\n'}
[0.236983] (fetch_7dof_description) StdoutLine: {'line': b'-- Up-to-date: /root/project/install/fetch_7dof_description/share/fetch_7dof_description/meshes/forearm_roll_link_collision.STL\n'}
[0.237159] (fetch_7dof_description) StdoutLine: {'line': b'-- Up-to-date: /root/project/install/fetch_7dof_description/share/fetch_7dof_description/meshes/upperarm_roll_link.dae\n'}
[0.237347] (fetch_7dof_description) StdoutLine: {'line': b'-- Up-to-date: /root/project/install/fetch_7dof_description/share/fetch_7dof_description/meshes/upperarm_roll_link_collision.STL\n'}
[0.237543] (fetch_7dof_description) StdoutLine: {'line': b'-- Up-to-date: /root/project/install/fetch_7dof_description/share/fetch_7dof_description/meshes/base_link.dae\n'}
[0.237801] (fetch_7dof_description) StdoutLine: {'line': b'-- Up-to-date: /root/project/install/fetch_7dof_description/share/fetch_7dof_description/meshes/base_link_collision.STL\n'}
[0.237965] (fetch_7dof_description) StdoutLine: {'line': b'-- Up-to-date: /root/project/install/fetch_7dof_description/share/fetch_7dof_description/meshes/gripper_link.STL\n'}
[0.238139] (fetch_7dof_description) StdoutLine: {'line': b'-- Up-to-date: /root/project/install/fetch_7dof_description/share/fetch_7dof_description/meshes/shoulder_lift_link_collision.STL\n'}
[0.239231] (fetch_7dof_description) StdoutLine: {'line': b'-- Up-to-date: /root/project/install/fetch_7dof_description/share/ament_index/resource_index/package_run_dependencies/fetch_7dof_description\n'}
[0.239823] (fetch_7dof_description) StdoutLine: {'line': b'-- Up-to-date: /root/project/install/fetch_7dof_description/share/ament_index/resource_index/parent_prefix_path/fetch_7dof_description\n'}
[0.240026] (fetch_7dof_description) StdoutLine: {'line': b'-- Up-to-date: /root/project/install/fetch_7dof_description/share/fetch_7dof_description/environment/ament_prefix_path.sh\n'}
[0.240180] (fetch_7dof_description) StdoutLine: {'line': b'-- Up-to-date: /root/project/install/fetch_7dof_description/share/fetch_7dof_description/environment/ament_prefix_path.dsv\n'}
[0.240331] (fetch_7dof_description) StdoutLine: {'line': b'-- Up-to-date: /root/project/install/fetch_7dof_description/share/fetch_7dof_description/environment/path.sh\n'}
[0.240791] (fetch_7dof_description) StdoutLine: {'line': b'-- Up-to-date: /root/project/install/fetch_7dof_description/share/fetch_7dof_description/environment/path.dsv\n'}
[0.240945] (fetch_7dof_description) StdoutLine: {'line': b'-- Up-to-date: /root/project/install/fetch_7dof_description/share/fetch_7dof_description/local_setup.bash\n'}
[0.241129] (fetch_7dof_description) StdoutLine: {'line': b'-- Up-to-date: /root/project/install/fetch_7dof_description/share/fetch_7dof_description/local_setup.sh\n'}
[0.241286] (fetch_7dof_description) StdoutLine: {'line': b'-- Up-to-date: /root/project/install/fetch_7dof_description/share/fetch_7dof_description/local_setup.zsh\n'}
[0.241470] (fetch_7dof_description) StdoutLine: {'line': b'-- Up-to-date: /root/project/install/fetch_7dof_description/share/fetch_7dof_description/local_setup.dsv\n'}
[0.241629] (fetch_7dof_description) StdoutLine: {'line': b'-- Installing: /root/project/install/fetch_7dof_description/share/fetch_7dof_description/package.dsv\n'}
[0.241923] (fetch_7dof_description) StdoutLine: {'line': b'-- Up-to-date: /root/project/install/fetch_7dof_description/share/ament_index/resource_index/packages/fetch_7dof_description\n'}
[0.242089] (fetch_7dof_description) StdoutLine: {'line': b'-- Up-to-date: /root/project/install/fetch_7dof_description/share/fetch_7dof_description/cmake/fetch_7dof_descriptionConfig.cmake\n'}
[0.242311] (fetch_7dof_description) StdoutLine: {'line': b'-- Up-to-date: /root/project/install/fetch_7dof_description/share/fetch_7dof_description/cmake/fetch_7dof_descriptionConfig-version.cmake\n'}
[0.242588] (fetch_7dof_description) StdoutLine: {'line': b'-- Up-to-date: /root/project/install/fetch_7dof_description/share/fetch_7dof_description/package.xml\n'}
[0.242832] (fetch_7dof_description) CommandEnded: {'returncode': 0}
[0.288996] (fetch_7dof_description) JobEnded: {'identifier': 'fetch_7dof_description', 'rc': 0}
[0.290278] (-) EventReactorShutdown: {}
