[0.259s] DEBUG:colcon:Command line arguments: ['/usr/bin/colcon', 'build', '--packages-select', 'fetch_7dof_description']
[0.259s] DEBUG:colcon:Parsed command line arguments: Namespace(log_base=None, log_level=None, verb_name='build', build_base='build', install_base='install', merge_install=False, symlink_install=False, test_result_base=None, continue_on_error=False, executor='parallel', parallel_workers=8, event_handlers=None, ignore_user_meta=False, metas=['./colcon.meta'], base_paths=['.'], packages_ignore=None, packages_ignore_regex=None, paths=None, packages_up_to=None, packages_up_to_regex=None, packages_above=None, packages_above_and_dependencies=None, packages_above_depth=None, packages_select_by_dep=None, packages_skip_by_dep=None, packages_skip_up_to=None, packages_select_build_failed=False, packages_skip_build_finished=False, packages_select_test_failures=False, packages_skip_test_passed=False, packages_select=['fetch_7dof_description'], packages_skip=None, packages_select_regex=None, packages_skip_regex=None, packages_start=None, packages_end=None, cmake_args=None, cmake_target=None, cmake_target_skip_unavailable=False, cmake_clean_cache=False, cmake_clean_first=False, cmake_force_configure=False, ament_cmake_args=None, catkin_cmake_args=None, catkin_skip_building_tests=False, mixin_files=None, mixin=None, verb_parser=<colcon_mixin.mixin.mixin_argument.MixinArgumentDecorator object at 0x7f25f1ba9100>, verb_extension=<colcon_core.verb.build.BuildVerb object at 0x7f25f2739b80>, main=<bound method BuildVerb.main of <colcon_core.verb.build.BuildVerb object at 0x7f25f2739b80>>, mixin_verb=('build',))
[0.358s] Level 1:colcon.colcon_core.package_discovery:discover_packages(colcon_meta) check parameters
[0.359s] INFO:colcon.colcon_metadata.package_discovery.colcon_meta:Using configuration from '/root/.colcon/metadata/default/Gazebo.meta'
[0.360s] INFO:colcon.colcon_metadata.package_discovery.colcon_meta:Using configuration from '/root/.colcon/metadata/default/fastdds.meta'
[0.361s] INFO:colcon.colcon_metadata.package_discovery.colcon_meta:Using configuration from '/root/.colcon/metadata/default/fastrtps.meta'
[0.361s] Level 1:colcon.colcon_core.package_discovery:discover_packages(recursive) check parameters
[0.361s] Level 1:colcon.colcon_core.package_discovery:discover_packages(ignore) check parameters
[0.361s] Level 1:colcon.colcon_core.package_discovery:discover_packages(path) check parameters
[0.361s] Level 1:colcon.colcon_core.package_discovery:discover_packages(colcon_meta) discover
[0.362s] Level 1:colcon.colcon_core.package_discovery:discover_packages(recursive) discover
[0.362s] INFO:colcon.colcon_core.package_discovery:Crawling recursively for packages in '/root/project'
[0.362s] Level 1:colcon.colcon_core.package_identification:_identify(.) by extensions ['ignore', 'ignore_ament_install']
[0.362s] Level 1:colcon.colcon_core.package_identification:_identify(.) by extension 'ignore'
[0.362s] Level 1:colcon.colcon_core.package_identification:_identify(.) by extension 'ignore_ament_install'
[0.362s] Level 1:colcon.colcon_core.package_identification:_identify(.) by extensions ['colcon_pkg']
[0.362s] Level 1:colcon.colcon_core.package_identification:_identify(.) by extension 'colcon_pkg'
[0.363s] Level 1:colcon.colcon_core.package_identification:_identify(.) by extensions ['colcon_meta']
[0.363s] Level 1:colcon.colcon_core.package_identification:_identify(.) by extension 'colcon_meta'
[0.363s] Level 1:colcon.colcon_core.package_identification:_identify(.) by extensions ['ros']
[0.363s] Level 1:colcon.colcon_core.package_identification:_identify(.) by extension 'ros'
[0.430s] Level 1:colcon.colcon_core.package_identification:_identify(.) by extensions ['cmake', 'python']
[0.430s] Level 1:colcon.colcon_core.package_identification:_identify(.) by extension 'cmake'
[0.430s] Level 1:colcon.colcon_core.package_identification:_identify(.) by extension 'python'
[0.430s] Level 1:colcon.colcon_core.package_identification:_identify(.) by extensions ['python_setup_py']
[0.430s] Level 1:colcon.colcon_core.package_identification:_identify(.) by extension 'python_setup_py'
[0.431s] Level 1:colcon.colcon_core.package_identification:_identify(build) by extensions ['ignore', 'ignore_ament_install']
[0.431s] Level 1:colcon.colcon_core.package_identification:_identify(build) by extension 'ignore'
[0.431s] Level 1:colcon.colcon_core.package_identification:_identify(build) ignored
[0.434s] Level 1:colcon.colcon_core.package_identification:_identify(fetch_7dof_description) by extensions ['ignore', 'ignore_ament_install']
[0.434s] Level 1:colcon.colcon_core.package_identification:_identify(fetch_7dof_description) by extension 'ignore'
[0.434s] Level 1:colcon.colcon_core.package_identification:_identify(fetch_7dof_description) by extension 'ignore_ament_install'
[0.435s] Level 1:colcon.colcon_core.package_identification:_identify(fetch_7dof_description) by extensions ['colcon_pkg']
[0.435s] Level 1:colcon.colcon_core.package_identification:_identify(fetch_7dof_description) by extension 'colcon_pkg'
[0.435s] Level 1:colcon.colcon_core.package_identification:_identify(fetch_7dof_description) by extensions ['colcon_meta']
[0.435s] Level 1:colcon.colcon_core.package_identification:_identify(fetch_7dof_description) by extension 'colcon_meta'
[0.435s] Level 1:colcon.colcon_core.package_identification:_identify(fetch_7dof_description) by extensions ['ros']
[0.435s] Level 1:colcon.colcon_core.package_identification:_identify(fetch_7dof_description) by extension 'ros'
[0.440s] DEBUG:colcon.colcon_core.package_identification:Package 'fetch_7dof_description' with type 'ros.ament_cmake' and name 'fetch_7dof_description'
[0.440s] Level 1:colcon.colcon_core.package_identification:_identify(install) by extensions ['ignore', 'ignore_ament_install']
[0.440s] Level 1:colcon.colcon_core.package_identification:_identify(install) by extension 'ignore'
[0.440s] Level 1:colcon.colcon_core.package_identification:_identify(install) ignored
[0.440s] Level 1:colcon.colcon_core.package_identification:_identify(log) by extensions ['ignore', 'ignore_ament_install']
[0.441s] Level 1:colcon.colcon_core.package_identification:_identify(log) by extension 'ignore'
[0.441s] Level 1:colcon.colcon_core.package_identification:_identify(log) ignored
[0.441s] Level 1:colcon.colcon_core.package_discovery:discover_packages(recursive) using defaults
[0.441s] Level 1:colcon.colcon_core.package_discovery:discover_packages(ignore) discover
[0.441s] Level 1:colcon.colcon_core.package_discovery:discover_packages(ignore) using defaults
[0.441s] Level 1:colcon.colcon_core.package_discovery:discover_packages(path) discover
[0.441s] Level 1:colcon.colcon_core.package_discovery:discover_packages(path) using defaults
[0.486s] Level 5:colcon.colcon_core.verb:set package 'fetch_7dof_description' build argument 'cmake_args' from command line to 'None'
[0.486s] Level 5:colcon.colcon_core.verb:set package 'fetch_7dof_description' build argument 'cmake_target' from command line to 'None'
[0.486s] Level 5:colcon.colcon_core.verb:set package 'fetch_7dof_description' build argument 'cmake_target_skip_unavailable' from command line to 'False'
[0.486s] Level 5:colcon.colcon_core.verb:set package 'fetch_7dof_description' build argument 'cmake_clean_cache' from command line to 'False'
[0.486s] Level 5:colcon.colcon_core.verb:set package 'fetch_7dof_description' build argument 'cmake_clean_first' from command line to 'False'
[0.486s] Level 5:colcon.colcon_core.verb:set package 'fetch_7dof_description' build argument 'cmake_force_configure' from command line to 'False'
[0.486s] Level 5:colcon.colcon_core.verb:set package 'fetch_7dof_description' build argument 'ament_cmake_args' from command line to 'None'
[0.486s] Level 5:colcon.colcon_core.verb:set package 'fetch_7dof_description' build argument 'catkin_cmake_args' from command line to 'None'
[0.486s] Level 5:colcon.colcon_core.verb:set package 'fetch_7dof_description' build argument 'catkin_skip_building_tests' from command line to 'False'
[0.487s] DEBUG:colcon.colcon_core.verb:Building package 'fetch_7dof_description' with the following arguments: {'ament_cmake_args': None, 'build_base': '/root/project/build/fetch_7dof_description', 'catkin_cmake_args': None, 'catkin_skip_building_tests': False, 'cmake_args': None, 'cmake_clean_cache': False, 'cmake_clean_first': False, 'cmake_force_configure': False, 'cmake_target': None, 'cmake_target_skip_unavailable': False, 'install_base': '/root/project/install/fetch_7dof_description', 'merge_install': False, 'path': '/root/project/fetch_7dof_description', 'symlink_install': False, 'test_result_base': None}
[0.487s] INFO:colcon.colcon_core.executor:Executing jobs using 'parallel' executor
[0.488s] DEBUG:colcon.colcon_parallel_executor.executor.parallel:run_until_complete
[0.489s] INFO:colcon.colcon_ros.task.ament_cmake.build:Building ROS package in '/root/project/fetch_7dof_description' with build type 'ament_cmake'
[0.489s] INFO:colcon.colcon_cmake.task.cmake.build:Building CMake package in '/root/project/fetch_7dof_description'
[0.493s] INFO:colcon.colcon_core.plugin_system:Skipping extension 'colcon_core.shell.bat': Not used on non-Windows systems
[0.493s] INFO:colcon.colcon_core.shell:Skip shell extension 'powershell' for command environment: Not usable outside of PowerShell
[0.493s] DEBUG:colcon.colcon_core.shell:Skip shell extension 'dsv' for command environment
[0.511s] DEBUG:colcon.colcon_core.event_handler.log_command:Invoking command in '/root/project/build/fetch_7dof_description': CMAKE_PREFIX_PATH=${CMAKE_PREFIX_PATH}:/opt/ros/jazzy /usr/bin/cmake /root/project/fetch_7dof_description -DCMAKE_INSTALL_PREFIX=/root/project/install/fetch_7dof_description
[1.835s] DEBUG:colcon.colcon_core.event_handler.log_command:Invoked command in '/root/project/build/fetch_7dof_description' returned '0': CMAKE_PREFIX_PATH=${CMAKE_PREFIX_PATH}:/opt/ros/jazzy /usr/bin/cmake /root/project/fetch_7dof_description -DCMAKE_INSTALL_PREFIX=/root/project/install/fetch_7dof_description
[1.836s] DEBUG:colcon.colcon_core.event_handler.log_command:Invoking command in '/root/project/build/fetch_7dof_description': CMAKE_PREFIX_PATH=${CMAKE_PREFIX_PATH}:/opt/ros/jazzy /usr/bin/cmake --build /root/project/build/fetch_7dof_description -- -j8 -l8
[1.909s] DEBUG:colcon.colcon_core.event_handler.log_command:Invoked command in '/root/project/build/fetch_7dof_description' returned '0': CMAKE_PREFIX_PATH=${CMAKE_PREFIX_PATH}:/opt/ros/jazzy /usr/bin/cmake --build /root/project/build/fetch_7dof_description -- -j8 -l8
[1.922s] DEBUG:colcon.colcon_core.event_handler.log_command:Invoking command in '/root/project/build/fetch_7dof_description': CMAKE_PREFIX_PATH=${CMAKE_PREFIX_PATH}:/opt/ros/jazzy /usr/bin/cmake --install /root/project/build/fetch_7dof_description
[1.981s] Level 1:colcon.colcon_core.environment:create_environment_scripts_only(fetch_7dof_description)
[1.986s] DEBUG:colcon.colcon_core.event_handler.log_command:Invoked command in '/root/project/build/fetch_7dof_description' returned '0': CMAKE_PREFIX_PATH=${CMAKE_PREFIX_PATH}:/opt/ros/jazzy /usr/bin/cmake --install /root/project/build/fetch_7dof_description
[1.989s] Level 1:colcon.colcon_core.environment:checking '/root/project/install/fetch_7dof_description' for CMake module files
[1.990s] Level 1:colcon.colcon_core.environment:checking '/root/project/install/fetch_7dof_description' for CMake config files
[1.990s] Level 1:colcon.colcon_core.shell:create_environment_hook('fetch_7dof_description', 'cmake_prefix_path')
[1.991s] INFO:colcon.colcon_core.shell:Creating environment hook '/root/project/install/fetch_7dof_description/share/fetch_7dof_description/hook/cmake_prefix_path.ps1'
[1.992s] INFO:colcon.colcon_core.shell:Creating environment descriptor '/root/project/install/fetch_7dof_description/share/fetch_7dof_description/hook/cmake_prefix_path.dsv'
[1.993s] INFO:colcon.colcon_core.shell:Creating environment hook '/root/project/install/fetch_7dof_description/share/fetch_7dof_description/hook/cmake_prefix_path.sh'
[1.995s] Level 1:colcon.colcon_core.environment:checking '/root/project/install/fetch_7dof_description/bin'
[1.996s] Level 1:colcon.colcon_core.environment:checking '/root/project/install/fetch_7dof_description/lib/pkgconfig/fetch_7dof_description.pc'
[2.001s] Level 1:colcon.colcon_core.environment:checking '/root/project/install/fetch_7dof_description/lib/python3.12/site-packages'
[2.001s] Level 1:colcon.colcon_core.environment:checking '/root/project/install/fetch_7dof_description/bin'
[2.001s] INFO:colcon.colcon_core.shell:Creating package script '/root/project/install/fetch_7dof_description/share/fetch_7dof_description/package.ps1'
[2.003s] INFO:colcon.colcon_core.shell:Creating package descriptor '/root/project/install/fetch_7dof_description/share/fetch_7dof_description/package.dsv'
[2.004s] INFO:colcon.colcon_core.shell:Creating package script '/root/project/install/fetch_7dof_description/share/fetch_7dof_description/package.sh'
[2.005s] INFO:colcon.colcon_core.shell:Creating package script '/root/project/install/fetch_7dof_description/share/fetch_7dof_description/package.bash'
[2.006s] INFO:colcon.colcon_core.shell:Creating package script '/root/project/install/fetch_7dof_description/share/fetch_7dof_description/package.zsh'
[2.007s] Level 1:colcon.colcon_core.environment:create_file_with_runtime_dependencies(/root/project/install/fetch_7dof_description/share/colcon-core/packages/fetch_7dof_description)
[2.008s] Level 1:colcon.colcon_core.environment:create_environment_scripts_only(fetch_7dof_description)
[2.008s] Level 1:colcon.colcon_core.environment:checking '/root/project/install/fetch_7dof_description' for CMake module files
[2.009s] Level 1:colcon.colcon_core.environment:checking '/root/project/install/fetch_7dof_description' for CMake config files
[2.009s] Level 1:colcon.colcon_core.shell:create_environment_hook('fetch_7dof_description', 'cmake_prefix_path')
[2.009s] INFO:colcon.colcon_core.shell:Creating environment hook '/root/project/install/fetch_7dof_description/share/fetch_7dof_description/hook/cmake_prefix_path.ps1'
[2.010s] INFO:colcon.colcon_core.shell:Creating environment descriptor '/root/project/install/fetch_7dof_description/share/fetch_7dof_description/hook/cmake_prefix_path.dsv'
[2.010s] INFO:colcon.colcon_core.shell:Creating environment hook '/root/project/install/fetch_7dof_description/share/fetch_7dof_description/hook/cmake_prefix_path.sh'
[2.012s] Level 1:colcon.colcon_core.environment:checking '/root/project/install/fetch_7dof_description/bin'
[2.012s] Level 1:colcon.colcon_core.environment:checking '/root/project/install/fetch_7dof_description/lib/pkgconfig/fetch_7dof_description.pc'
[2.012s] Level 1:colcon.colcon_core.environment:checking '/root/project/install/fetch_7dof_description/lib/python3.12/site-packages'
[2.012s] Level 1:colcon.colcon_core.environment:checking '/root/project/install/fetch_7dof_description/bin'
[2.013s] INFO:colcon.colcon_core.shell:Creating package script '/root/project/install/fetch_7dof_description/share/fetch_7dof_description/package.ps1'
[2.014s] INFO:colcon.colcon_core.shell:Creating package descriptor '/root/project/install/fetch_7dof_description/share/fetch_7dof_description/package.dsv'
[2.014s] INFO:colcon.colcon_core.shell:Creating package script '/root/project/install/fetch_7dof_description/share/fetch_7dof_description/package.sh'
[2.015s] INFO:colcon.colcon_core.shell:Creating package script '/root/project/install/fetch_7dof_description/share/fetch_7dof_description/package.bash'
[2.015s] INFO:colcon.colcon_core.shell:Creating package script '/root/project/install/fetch_7dof_description/share/fetch_7dof_description/package.zsh'
[2.015s] Level 1:colcon.colcon_core.environment:create_file_with_runtime_dependencies(/root/project/install/fetch_7dof_description/share/colcon-core/packages/fetch_7dof_description)
[2.016s] DEBUG:colcon.colcon_parallel_executor.executor.parallel:closing loop
[2.016s] DEBUG:colcon.colcon_parallel_executor.executor.parallel:loop closed
[2.016s] DEBUG:colcon.colcon_parallel_executor.executor.parallel:run_until_complete finished with '0'
[2.017s] DEBUG:colcon.colcon_core.event_reactor:joining thread
[2.034s] INFO:colcon.colcon_core.plugin_system:Skipping extension 'colcon_notification.desktop_notification.notify_send': Could not find 'notify-send'
[2.035s] INFO:colcon.colcon_core.plugin_system:Skipping extension 'colcon_notification.desktop_notification.terminal_notifier': Not used on non-Darwin systems
[2.035s] INFO:colcon.colcon_core.plugin_system:Skipping extension 'colcon_notification.desktop_notification.win32': Not used on non-Windows systems
[2.035s] INFO:colcon.colcon_notification.desktop_notification:Sending desktop notification using 'notify2'
[2.035s] DEBUG:colcon.colcon_notification.desktop_notification.notify2:Failed to initialize notify2: org.freedesktop.DBus.Error.NotSupported: Unable to autolaunch a dbus-daemon without a $DISPLAY for X11
[2.035s] DEBUG:colcon.colcon_core.event_reactor:joined thread
[2.035s] INFO:colcon.colcon_core.shell:Creating prefix script '/root/project/install/local_setup.ps1'
[2.038s] INFO:colcon.colcon_core.shell:Creating prefix util module '/root/project/install/_local_setup_util_ps1.py'
[2.040s] INFO:colcon.colcon_core.shell:Creating prefix chain script '/root/project/install/setup.ps1'
[2.041s] INFO:colcon.colcon_core.shell:Creating prefix script '/root/project/install/local_setup.sh'
[2.042s] INFO:colcon.colcon_core.shell:Creating prefix util module '/root/project/install/_local_setup_util_sh.py'
[2.042s] INFO:colcon.colcon_core.shell:Creating prefix chain script '/root/project/install/setup.sh'
[2.045s] INFO:colcon.colcon_core.shell:Creating prefix script '/root/project/install/local_setup.bash'
[2.048s] INFO:colcon.colcon_core.shell:Creating prefix chain script '/root/project/install/setup.bash'
[2.049s] INFO:colcon.colcon_core.shell:Creating prefix script '/root/project/install/local_setup.zsh'
[2.050s] INFO:colcon.colcon_core.shell:Creating prefix chain script '/root/project/install/setup.zsh'
