[0.000000] (-) TimerEvent: {}
[0.000237] (fetch_7dof_description) JobQueued: {'identifier': 'fetch_7dof_description', 'dependencies': OrderedDict()}
[0.000869] (fetch_7dof_description) JobStarted: {'identifier': 'fetch_7dof_description'}
[0.031719] (fetch_7dof_description) JobProgress: {'identifier': 'fetch_7dof_description', 'progress': 'cmake'}
[0.032921] (fetch_7dof_description) JobProgress: {'identifier': 'fetch_7dof_description', 'progress': 'build'}
[0.034207] (fetch_7dof_description) Command: {'cmd': ['/usr/bin/cmake', '--build', '/root/project/build/fetch_7dof_description', '--', '-j8', '-l8'], 'cwd': '/root/project/build/fetch_7dof_description', 'env': OrderedDict({'GZ_SIM_SYSTEM_PLUGIN_PATH': '/opt/ros/jazzy/lib', 'GZ_SIM_RESOURCE_PATH': '/opt/ros/jazzy/share', 'GZ_CONFIG_PATH': '/opt/ros/jazzy/opt/gz_sim_vendor/share/gz:/opt/ros/jazzy/opt/sdformat_vendor/share/gz:/opt/ros/jazzy/opt/gz_gui_vendor/share/gz:/opt/ros/jazzy/opt/gz_transport_vendor/share/gz:/opt/ros/jazzy/opt/gz_rendering_vendor/share/gz:/opt/ros/jazzy/opt/gz_plugin_vendor/share/gz:/opt/ros/jazzy/opt/gz_fuel_tools_vendor/share/gz:/opt/ros/jazzy/opt/gz_msgs_vendor/share/gz:/opt/ros/jazzy/opt/gz_common_vendor/share/gz', 'HOSTNAME': '4e4e3eb9f2c9', 'SHLVL': '1', 'LD_LIBRARY_PATH': '/opt/ros/jazzy/opt/gz_sim_vendor/lib:/opt/ros/jazzy/opt/gz_sensors_vendor/lib:/opt/ros/jazzy/opt/gz_physics_vendor/lib:/opt/ros/jazzy/opt/sdformat_vendor/lib:/opt/ros/jazzy/opt/rviz_ogre_vendor/lib:/opt/ros/jazzy/lib/x86_64-linux-gnu:/opt/ros/jazzy/opt/gz_gui_vendor/lib:/opt/ros/jazzy/opt/gz_transport_vendor/lib:/opt/ros/jazzy/opt/gz_rendering_vendor/lib:/opt/ros/jazzy/opt/gz_plugin_vendor/lib:/opt/ros/jazzy/opt/gz_fuel_tools_vendor/lib:/opt/ros/jazzy/opt/gz_msgs_vendor/lib:/opt/ros/jazzy/opt/gz_common_vendor/lib:/opt/ros/jazzy/opt/gz_math_vendor/lib:/opt/ros/jazzy/opt/gz_utils_vendor/lib:/opt/ros/jazzy/opt/gz_tools_vendor/lib:/opt/ros/jazzy/opt/gz_ogre_next_vendor/lib:/opt/ros/jazzy/opt/gz_dartsim_vendor/lib:/opt/ros/jazzy/opt/gz_cmake_vendor/lib:/opt/ros/jazzy/lib', 'HOME': '/root', 'OLDPWD': '/ws', 'ROS_PYTHON_VERSION': '3', 'ROS_DISTRO': 'jazzy', '_': '/usr/bin/colcon', 'ROS_VERSION': '2', 'PATH': '/opt/ros/jazzy/opt/gz_msgs_vendor/bin:/opt/ros/jazzy/opt/gz_tools_vendor/bin:/opt/ros/jazzy/opt/gz_ogre_next_vendor/bin:/opt/ros/jazzy/bin:/usr/local/sbin:/usr/local/bin:/usr/sbin:/usr/bin:/sbin:/bin', 'LANG': 'C.UTF-8', 'AMENT_PREFIX_PATH': '/opt/ros/jazzy', 'ROS_AUTOMATIC_DISCOVERY_RANGE': 'SUBNET', 'PWD': '/root/project/build/fetch_7dof_description', 'LC_ALL': 'C.UTF-8', 'PYTHONPATH': '/opt/ros/jazzy/lib/python3.12/site-packages', 'COLCON': '1', 'CMAKE_PREFIX_PATH': '/opt/ros/jazzy/opt/gz_sim_vendor:/opt/ros/jazzy/opt/gz_sensors_vendor:/opt/ros/jazzy/opt/gz_physics_vendor:/opt/ros/jazzy/opt/sdformat_vendor:/opt/ros/jazzy/opt/gz_gui_vendor:/opt/ros/jazzy/opt/gz_transport_vendor:/opt/ros/jazzy/opt/gz_rendering_vendor:/opt/ros/jazzy/opt/gz_plugin_vendor:/opt/ros/jazzy/opt/gz_fuel_tools_vendor:/opt/ros/jazzy/opt/gz_msgs_vendor:/opt/ros/jazzy/opt/gz_common_vendor:/opt/ros/jazzy/opt/gz_math_vendor:/opt/ros/jazzy/opt/gz_utils_vendor:/opt/ros/jazzy/opt/gz_tools_vendor:/opt/ros/jazzy/opt/gz_ogre_next_vendor:/opt/ros/jazzy/opt/gz_dartsim_vendor:/opt/ros/jazzy/opt/gz_cmake_vendor:/opt/ros/jazzy'}), 'shell': False}
[0.099472] (-) TimerEvent: {}
[0.200103] (-) TimerEvent: {}
[0.248047] (fetch_7dof_description) CommandEnded: {'returncode': 0}
[0.251027] (fetch_7dof_description) JobProgress: {'identifier': 'fetch_7dof_description', 'progress': 'install'}
[0.275793] (fetch_7dof_description) Command: {'cmd': ['/usr/bin/cmake', '--install', '/root/project/build/fetch_7dof_description'], 'cwd': '/root/project/build/fetch_7dof_description', 'env': OrderedDict({'GZ_SIM_SYSTEM_PLUGIN_PATH': '/opt/ros/jazzy/lib', 'GZ_SIM_RESOURCE_PATH': '/opt/ros/jazzy/share', 'GZ_CONFIG_PATH': '/opt/ros/jazzy/opt/gz_sim_vendor/share/gz:/opt/ros/jazzy/opt/sdformat_vendor/share/gz:/opt/ros/jazzy/opt/gz_gui_vendor/share/gz:/opt/ros/jazzy/opt/gz_transport_vendor/share/gz:/opt/ros/jazzy/opt/gz_rendering_vendor/share/gz:/opt/ros/jazzy/opt/gz_plugin_vendor/share/gz:/opt/ros/jazzy/opt/gz_fuel_tools_vendor/share/gz:/opt/ros/jazzy/opt/gz_msgs_vendor/share/gz:/opt/ros/jazzy/opt/gz_common_vendor/share/gz', 'HOSTNAME': '4e4e3eb9f2c9', 'SHLVL': '1', 'LD_LIBRARY_PATH': '/opt/ros/jazzy/opt/gz_sim_vendor/lib:/opt/ros/jazzy/opt/gz_sensors_vendor/lib:/opt/ros/jazzy/opt/gz_physics_vendor/lib:/opt/ros/jazzy/opt/sdformat_vendor/lib:/opt/ros/jazzy/opt/rviz_ogre_vendor/lib:/opt/ros/jazzy/lib/x86_64-linux-gnu:/opt/ros/jazzy/opt/gz_gui_vendor/lib:/opt/ros/jazzy/opt/gz_transport_vendor/lib:/opt/ros/jazzy/opt/gz_rendering_vendor/lib:/opt/ros/jazzy/opt/gz_plugin_vendor/lib:/opt/ros/jazzy/opt/gz_fuel_tools_vendor/lib:/opt/ros/jazzy/opt/gz_msgs_vendor/lib:/opt/ros/jazzy/opt/gz_common_vendor/lib:/opt/ros/jazzy/opt/gz_math_vendor/lib:/opt/ros/jazzy/opt/gz_utils_vendor/lib:/opt/ros/jazzy/opt/gz_tools_vendor/lib:/opt/ros/jazzy/opt/gz_ogre_next_vendor/lib:/opt/ros/jazzy/opt/gz_dartsim_vendor/lib:/opt/ros/jazzy/opt/gz_cmake_vendor/lib:/opt/ros/jazzy/lib', 'HOME': '/root', 'OLDPWD': '/ws', 'ROS_PYTHON_VERSION': '3', 'ROS_DISTRO': 'jazzy', '_': '/usr/bin/colcon', 'ROS_VERSION': '2', 'PATH': '/opt/ros/jazzy/opt/gz_msgs_vendor/bin:/opt/ros/jazzy/opt/gz_tools_vendor/bin:/opt/ros/jazzy/opt/gz_ogre_next_vendor/bin:/opt/ros/jazzy/bin:/usr/local/sbin:/usr/local/bin:/usr/sbin:/usr/bin:/sbin:/bin', 'LANG': 'C.UTF-8', 'AMENT_PREFIX_PATH': '/opt/ros/jazzy', 'ROS_AUTOMATIC_DISCOVERY_RANGE': 'SUBNET', 'PWD': '/root/project/build/fetch_7dof_description', 'LC_ALL': 'C.UTF-8', 'PYTHONPATH': '/opt/ros/jazzy/lib/python3.12/site-packages', 'COLCON': '1', 'CMAKE_PREFIX_PATH': '/opt/ros/jazzy/opt/gz_sim_vendor:/opt/ros/jazzy/opt/gz_sensors_vendor:/opt/ros/jazzy/opt/gz_physics_vendor:/opt/ros/jazzy/opt/sdformat_vendor:/opt/ros/jazzy/opt/gz_gui_vendor:/opt/ros/jazzy/opt/gz_transport_vendor:/opt/ros/jazzy/opt/gz_rendering_vendor:/opt/ros/jazzy/opt/gz_plugin_vendor:/opt/ros/jazzy/opt/gz_fuel_tools_vendor:/opt/ros/jazzy/opt/gz_msgs_vendor:/opt/ros/jazzy/opt/gz_common_vendor:/opt/ros/jazzy/opt/gz_math_vendor:/opt/ros/jazzy/opt/gz_utils_vendor:/opt/ros/jazzy/opt/gz_tools_vendor:/opt/ros/jazzy/opt/gz_ogre_next_vendor:/opt/ros/jazzy/opt/gz_dartsim_vendor:/opt/ros/jazzy/opt/gz_cmake_vendor:/opt/ros/jazzy'}), 'shell': False}
[0.300320] (-) TimerEvent: {}
[0.302302] (fetch_7dof_description) StdoutLine: {'line': b'-- Install configuration: ""\n'}
[0.303702] (fetch_7dof_description) StdoutLine: {'line': b'-- Up-to-date: /root/project/install/fetch_7dof_description/share/fetch_7dof_description/urdf\n'}
[0.304836] (fetch_7dof_description) StdoutLine: {'line': b'-- Up-to-date: /root/project/install/fetch_7dof_description/share/fetch_7dof_description/urdf/fetch_7dof.urdf\n'}
[0.305156] (fetch_7dof_description) StdoutLine: {'line': b'-- Up-to-date: /root/project/install/fetch_7dof_description/share/fetch_7dof_description/config\n'}
[0.305312] (fetch_7dof_description) StdoutLine: {'line': b'-- Up-to-date: /root/project/install/fetch_7dof_description/share/fetch_7dof_description/config/ros2_control.yaml\n'}
[0.305455] (fetch_7dof_description) StdoutLine: {'line': b'-- Up-to-date: /root/project/install/fetch_7dof_description/share/fetch_7dof_description/launch\n'}
[0.305596] (fetch_7dof_description) StdoutLine: {'line': b'-- Up-to-date: /root/project/install/fetch_7dof_description/share/fetch_7dof_description/launch/__pycache__\n'}
[0.305743] (fetch_7dof_description) StdoutLine: {'line': b'-- Up-to-date: /root/project/install/fetch_7dof_description/share/fetch_7dof_description/launch/__pycache__/fetch_7dof_gazebo.launch.cpython-313.pyc\n'}
[0.305889] (fetch_7dof_description) StdoutLine: {'line': b'-- Installing: /root/project/install/fetch_7dof_description/share/fetch_7dof_description/launch/fetch_7dof_gazebo.launch.py\n'}
[0.309445] (fetch_7dof_description) StdoutLine: {'line': b'-- Up-to-date: /root/project/install/fetch_7dof_description/share/fetch_7dof_description/worlds\n'}
[0.309800] (fetch_7dof_description) StdoutLine: {'line': b'-- Up-to-date: /root/project/install/fetch_7dof_description/share/fetch_7dof_description/worlds/fetch_table.world\n'}
[0.309997] (fetch_7dof_description) StdoutLine: {'line': b'-- Up-to-date: /root/project/install/fetch_7dof_description/share/fetch_7dof_description/meshes\n'}
[0.310167] (fetch_7dof_description) StdoutLine: {'line': b'-- Up-to-date: /root/project/install/fetch_7dof_description/share/fetch_7dof_description/meshes/wrist_flex_link_collision.STL\n'}
[0.310320] (fetch_7dof_description) StdoutLine: {'line': b'-- Up-to-date: /root/project/install/fetch_7dof_description/share/fetch_7dof_description/meshes/wrist_roll_link_collision.STL\n'}
[0.310467] (fetch_7dof_description) StdoutLine: {'line': b'-- Up-to-date: /root/project/install/fetch_7dof_description/share/fetch_7dof_description/meshes/r_gripper_finger_link.STL\n'}
[0.310616] (fetch_7dof_description) StdoutLine: {'line': b'-- Up-to-date: /root/project/install/fetch_7dof_description/share/fetch_7dof_description/meshes/torso_lift_link.dae\n'}
[0.310760] (fetch_7dof_description) StdoutLine: {'line': b'-- Up-to-date: /root/project/install/fetch_7dof_description/share/fetch_7dof_description/meshes/gripper_link.dae\n'}
[0.310904] (fetch_7dof_description) StdoutLine: {'line': b'-- Up-to-date: /root/project/install/fetch_7dof_description/share/fetch_7dof_description/meshes/shoulder_pan_link_collision.STL\n'}
[0.314909] (fetch_7dof_description) StdoutLine: {'line': b'-- Up-to-date: /root/project/install/fetch_7dof_description/share/fetch_7dof_description/meshes/forearm_roll_link.dae\n'}
[0.315153] (fetch_7dof_description) StdoutLine: {'line': b'-- Up-to-date: /root/project/install/fetch_7dof_description/share/fetch_7dof_description/meshes/wrist_roll_link.dae\n'}
[0.315296] (fetch_7dof_description) StdoutLine: {'line': b'-- Up-to-date: /root/project/install/fetch_7dof_description/share/fetch_7dof_description/meshes/elbow_flex_link_collision.STL\n'}
[0.315427] (fetch_7dof_description) StdoutLine: {'line': b'-- Up-to-date: /root/project/install/fetch_7dof_description/share/fetch_7dof_description/meshes/elbow_flex_link.dae\n'}
[0.315566] (fetch_7dof_description) StdoutLine: {'line': b'-- Up-to-date: /root/project/install/fetch_7dof_description/share/fetch_7dof_description/meshes/torso_lift_link_collision.STL\n'}
[0.315701] (fetch_7dof_description) StdoutLine: {'line': b'-- Up-to-date: /root/project/install/fetch_7dof_description/share/fetch_7dof_description/meshes/shoulder_pan_link.dae\n'}
[0.315827] (fetch_7dof_description) StdoutLine: {'line': b'-- Up-to-date: /root/project/install/fetch_7dof_description/share/fetch_7dof_description/meshes/l_gripper_finger_link.STL\n'}
[0.315947] (fetch_7dof_description) StdoutLine: {'line': b'-- Up-to-date: /root/project/install/fetch_7dof_description/share/fetch_7dof_description/meshes/wrist_flex_link.dae\n'}
[0.319724] (fetch_7dof_description) StdoutLine: {'line': b'-- Up-to-date: /root/project/install/fetch_7dof_description/share/fetch_7dof_description/meshes/shoulder_lift_link.dae\n'}
[0.319926] (fetch_7dof_description) StdoutLine: {'line': b'-- Up-to-date: /root/project/install/fetch_7dof_description/share/fetch_7dof_description/meshes/forearm_roll_link_collision.STL\n'}
[0.320081] (fetch_7dof_description) StdoutLine: {'line': b'-- Up-to-date: /root/project/install/fetch_7dof_description/share/fetch_7dof_description/meshes/upperarm_roll_link.dae\n'}
[0.320236] (fetch_7dof_description) StdoutLine: {'line': b'-- Up-to-date: /root/project/install/fetch_7dof_description/share/fetch_7dof_description/meshes/upperarm_roll_link_collision.STL\n'}
[0.320371] (fetch_7dof_description) StdoutLine: {'line': b'-- Up-to-date: /root/project/install/fetch_7dof_description/share/fetch_7dof_description/meshes/base_link.dae\n'}
[0.320506] (fetch_7dof_description) StdoutLine: {'line': b'-- Up-to-date: /root/project/install/fetch_7dof_description/share/fetch_7dof_description/meshes/base_link_collision.STL\n'}
[0.320637] (fetch_7dof_description) StdoutLine: {'line': b'-- Up-to-date: /root/project/install/fetch_7dof_description/share/fetch_7dof_description/meshes/gripper_link.STL\n'}
[0.320768] (fetch_7dof_description) StdoutLine: {'line': b'-- Up-to-date: /root/project/install/fetch_7dof_description/share/fetch_7dof_description/meshes/shoulder_lift_link_collision.STL\n'}
[0.321461] (fetch_7dof_description) StdoutLine: {'line': b'-- Up-to-date: /root/project/install/fetch_7dof_description/share/ament_index/resource_index/package_run_dependencies/fetch_7dof_description\n'}
[0.325333] (fetch_7dof_description) StdoutLine: {'line': b'-- Up-to-date: /root/project/install/fetch_7dof_description/share/ament_index/resource_index/parent_prefix_path/fetch_7dof_description\n'}
[0.325637] (fetch_7dof_description) StdoutLine: {'line': b'-- Up-to-date: /root/project/install/fetch_7dof_description/share/fetch_7dof_description/environment/ament_prefix_path.sh\n'}
[0.325796] (fetch_7dof_description) StdoutLine: {'line': b'-- Up-to-date: /root/project/install/fetch_7dof_description/share/fetch_7dof_description/environment/ament_prefix_path.dsv\n'}
[0.325940] (fetch_7dof_description) StdoutLine: {'line': b'-- Up-to-date: /root/project/install/fetch_7dof_description/share/fetch_7dof_description/environment/path.sh\n'}
[0.329185] (fetch_7dof_description) StdoutLine: {'line': b'-- Up-to-date: /root/project/install/fetch_7dof_description/share/fetch_7dof_description/environment/path.dsv\n'}
[0.329405] (fetch_7dof_description) StdoutLine: {'line': b'-- Up-to-date: /root/project/install/fetch_7dof_description/share/fetch_7dof_description/local_setup.bash\n'}
[0.329553] (fetch_7dof_description) StdoutLine: {'line': b'-- Up-to-date: /root/project/install/fetch_7dof_description/share/fetch_7dof_description/local_setup.sh\n'}
[0.329695] (fetch_7dof_description) StdoutLine: {'line': b'-- Up-to-date: /root/project/install/fetch_7dof_description/share/fetch_7dof_description/local_setup.zsh\n'}
[0.329845] (fetch_7dof_description) StdoutLine: {'line': b'-- Up-to-date: /root/project/install/fetch_7dof_description/share/fetch_7dof_description/local_setup.dsv\n'}
[0.329994] (fetch_7dof_description) StdoutLine: {'line': b'-- Installing: /root/project/install/fetch_7dof_description/share/fetch_7dof_description/package.dsv\n'}
[0.330145] (fetch_7dof_description) StdoutLine: {'line': b'-- Up-to-date: /root/project/install/fetch_7dof_description/share/ament_index/resource_index/packages/fetch_7dof_description\n'}
[0.330310] (fetch_7dof_description) StdoutLine: {'line': b'-- Up-to-date: /root/project/install/fetch_7dof_description/share/fetch_7dof_description/cmake/fetch_7dof_descriptionConfig.cmake\n'}
[0.330473] (fetch_7dof_description) StdoutLine: {'line': b'-- Up-to-date: /root/project/install/fetch_7dof_description/share/fetch_7dof_description/cmake/fetch_7dof_descriptionConfig-version.cmake\n'}
[0.331679] (fetch_7dof_description) StdoutLine: {'line': b'-- Up-to-date: /root/project/install/fetch_7dof_description/share/fetch_7dof_description/package.xml\n'}
[0.332483] (fetch_7dof_description) CommandEnded: {'returncode': 0}
[0.385698] (fetch_7dof_description) JobEnded: {'identifier': 'fetch_7dof_description', 'rc': 0}
[0.386974] (-) EventReactorShutdown: {}
